[0.013s] Invoking command in '/home/pierre/go2_ws/src/unitree-go2-ros2/build/champ_base': AMENT_PREFIX_PATH=/home/pierre/go2_ws/src/unitree-go2-ros2/install/champ_msgs:/home/pierre/go2_ws/src/unitree-go2-ros2/install/champ:${AMENT_PREFIX_PATH} CMAKE_PREFIX_PATH=/home/pierre/go2_ws/src/unitree-go2-ros2/install/champ_msgs:/home/pierre/go2_ws/src/unitree-go2-ros2/install/champ:/opt/ros/humble LD_LIBRARY_PATH=/home/pierre/go2_ws/src/unitree-go2-ros2/install/champ_msgs/lib:${LD_LIBRARY_PATH} PYTHONPATH=/home/pierre/go2_ws/src/unitree-go2-ros2/install/champ_msgs/local/lib/python3.10/dist-packages:${PYTHONPATH} /usr/bin/cmake /home/pierre/go2_ws/src/unitree-go2-ros2/champ/champ_base -DCMAKE_INSTALL_PREFIX=/home/pierre/go2_ws/src/unitree-go2-ros2/install/champ_base
[0.095s] -- The C compiler identification is GNU 11.4.0
[0.166s] -- The CXX compiler identification is GNU 11.4.0
[0.175s] -- Detecting C compiler ABI info
[0.261s] -- Detecting C compiler ABI info - done
[0.271s] -- Check for working C compiler: /usr/bin/cc - skipped
[0.271s] -- Detecting C compile features
[0.271s] -- Detecting C compile features - done
[0.275s] -- Detecting CXX compiler ABI info
[0.374s] -- Detecting CXX compiler ABI info - done
[0.386s] -- Check for working CXX compiler: /usr/bin/c++ - skipped
[0.386s] -- Detecting CXX compile features
[0.387s] -- Detecting CXX compile features - done
[0.390s] -- Found ament_cmake: 1.3.13 (/opt/ros/humble/share/ament_cmake/cmake)
[0.579s] -- Found Python3: /usr/bin/python3 (found version "3.10.12") found components: Interpreter 
[0.682s] -- Found rclcpp: 16.0.18 (/opt/ros/humble/share/rclcpp/cmake)
[0.734s] -- Found rosidl_generator_c: 3.1.8 (/opt/ros/humble/share/rosidl_generator_c/cmake)
[0.740s] -- Found rosidl_adapter: 3.1.8 (/opt/ros/humble/share/rosidl_adapter/cmake)
[0.750s] -- Found rosidl_generator_cpp: 3.1.8 (/opt/ros/humble/share/rosidl_generator_cpp/cmake)
[0.765s] -- Using all available rosidl_typesupport_c: rosidl_typesupport_fastrtps_c;rosidl_typesupport_introspection_c
[0.784s] -- Using all available rosidl_typesupport_cpp: rosidl_typesupport_fastrtps_cpp;rosidl_typesupport_introspection_cpp
[0.834s] -- Found rmw_implementation_cmake: 6.1.2 (/opt/ros/humble/share/rmw_implementation_cmake/cmake)
[0.837s] -- Found rmw_fastrtps_cpp: 6.2.10 (/opt/ros/humble/share/rmw_fastrtps_cpp/cmake)
[0.937s] -- Found OpenSSL: /usr/lib/x86_64-linux-gnu/libcrypto.so (found version "3.0.2")  
[0.971s] -- Found FastRTPS: /opt/ros/humble/include  
[1.026s] -- Using RMW implementation 'rmw_fastrtps_cpp' as default
[1.037s] -- Looking for pthread.h
[1.128s] -- Looking for pthread.h - found
[1.128s] -- Performing Test CMAKE_HAVE_LIBC_PTHREAD
[1.218s] -- Performing Test CMAKE_HAVE_LIBC_PTHREAD - Success
[1.220s] -- Found Threads: TRUE  
[1.283s] -- Found rclpy: 3.3.20 (/opt/ros/humble/share/rclpy/cmake)
[1.283s] -- Found champ_msgs: 0.1.0 (/home/pierre/go2_ws/src/unitree-go2-ros2/install/champ_msgs/share/champ_msgs/cmake)
[1.315s] -- Found visualization_msgs: 4.9.1 (/opt/ros/humble/share/visualization_msgs/cmake)
[1.361s] -- Found trajectory_msgs: 4.9.1 (/opt/ros/humble/share/trajectory_msgs/cmake)
[1.381s] -- Found nav_msgs: 4.9.1 (/opt/ros/humble/share/nav_msgs/cmake)
[1.400s] -- Found tf2_ros: 0.25.19 (/opt/ros/humble/share/tf2_ros/cmake)
[1.516s] -- Found urdf: 2.6.1 (/opt/ros/humble/share/urdf/cmake)
[1.545s] -- Found champ: 0.1.0 (/home/pierre/go2_ws/src/unitree-go2-ros2/install/champ/share/champ/cmake)
[1.653s] -- Configuring done
[1.703s] -- Generating done
[1.723s] -- Build files have been written to: /home/pierre/go2_ws/src/unitree-go2-ros2/build/champ_base
[1.735s] Invoked command in '/home/pierre/go2_ws/src/unitree-go2-ros2/build/champ_base' returned '0': AMENT_PREFIX_PATH=/home/pierre/go2_ws/src/unitree-go2-ros2/install/champ_msgs:/home/pierre/go2_ws/src/unitree-go2-ros2/install/champ:${AMENT_PREFIX_PATH} CMAKE_PREFIX_PATH=/home/pierre/go2_ws/src/unitree-go2-ros2/install/champ_msgs:/home/pierre/go2_ws/src/unitree-go2-ros2/install/champ:/opt/ros/humble LD_LIBRARY_PATH=/home/pierre/go2_ws/src/unitree-go2-ros2/install/champ_msgs/lib:${LD_LIBRARY_PATH} PYTHONPATH=/home/pierre/go2_ws/src/unitree-go2-ros2/install/champ_msgs/local/lib/python3.10/dist-packages:${PYTHONPATH} /usr/bin/cmake /home/pierre/go2_ws/src/unitree-go2-ros2/champ/champ_base -DCMAKE_INSTALL_PREFIX=/home/pierre/go2_ws/src/unitree-go2-ros2/install/champ_base
[1.737s] Invoking command in '/home/pierre/go2_ws/src/unitree-go2-ros2/build/champ_base': AMENT_PREFIX_PATH=/home/pierre/go2_ws/src/unitree-go2-ros2/install/champ_msgs:/home/pierre/go2_ws/src/unitree-go2-ros2/install/champ:${AMENT_PREFIX_PATH} CMAKE_PREFIX_PATH=/home/pierre/go2_ws/src/unitree-go2-ros2/install/champ_msgs:/home/pierre/go2_ws/src/unitree-go2-ros2/install/champ:/opt/ros/humble LD_LIBRARY_PATH=/home/pierre/go2_ws/src/unitree-go2-ros2/install/champ_msgs/lib:${LD_LIBRARY_PATH} PYTHONPATH=/home/pierre/go2_ws/src/unitree-go2-ros2/install/champ_msgs/local/lib/python3.10/dist-packages:${PYTHONPATH} /usr/bin/cmake --build /home/pierre/go2_ws/src/unitree-go2-ros2/build/champ_base -- -j12 -l12
[1.808s] [  8%] [32mBuilding CXX object CMakeFiles/quadruped_controller.dir/src/quadruped_controller.cpp.o[0m
[1.811s] [ 16%] [32mBuilding CXX object CMakeFiles/state_estimation.dir/src/state_estimation.cpp.o[0m
[1.811s] [ 25%] [32mBuilding CXX object CMakeFiles/message_relay.dir/src/message_relay.cpp.o[0m
[25.254s] [ 33%] [32m[1mLinking CXX shared library libquadruped_controller.so[0m
[26.664s] [ 33%] Built target quadruped_controller
[26.696s] [ 41%] [32mBuilding CXX object CMakeFiles/quadruped_controller_node.dir/src/quadruped_controller_node.cpp.o[0m
[27.643s] [ 50%] [32m[1mLinking CXX shared library libmessage_relay.so[0m
[29.643s] [ 58%] [32m[1mLinking CXX shared library libstate_estimation.so[0m
[29.646s] [ 58%] Built target message_relay
[29.681s] [ 66%] [32mBuilding CXX object CMakeFiles/message_relay_node.dir/src/message_relay_node.cpp.o[0m
[31.243s] [ 66%] Built target state_estimation
[31.282s] [ 75%] [32mBuilding CXX object CMakeFiles/state_estimation_node.dir/src/state_estimation_node.cpp.o[0m
[33.609s] [ 83%] [32m[1mLinking CXX executable quadruped_controller_node[0m
[34.184s] [ 83%] Built target quadruped_controller_node
[34.333s] [ 91%] [32m[1mLinking CXX executable message_relay_node[0m
[34.853s] [ 91%] Built target message_relay_node
[37.642s] [100%] [32m[1mLinking CXX executable state_estimation_node[0m
[38.068s] [100%] Built target state_estimation_node
[38.079s] Invoked command in '/home/pierre/go2_ws/src/unitree-go2-ros2/build/champ_base' returned '0': AMENT_PREFIX_PATH=/home/pierre/go2_ws/src/unitree-go2-ros2/install/champ_msgs:/home/pierre/go2_ws/src/unitree-go2-ros2/install/champ:${AMENT_PREFIX_PATH} CMAKE_PREFIX_PATH=/home/pierre/go2_ws/src/unitree-go2-ros2/install/champ_msgs:/home/pierre/go2_ws/src/unitree-go2-ros2/install/champ:/opt/ros/humble LD_LIBRARY_PATH=/home/pierre/go2_ws/src/unitree-go2-ros2/install/champ_msgs/lib:${LD_LIBRARY_PATH} PYTHONPATH=/home/pierre/go2_ws/src/unitree-go2-ros2/install/champ_msgs/local/lib/python3.10/dist-packages:${PYTHONPATH} /usr/bin/cmake --build /home/pierre/go2_ws/src/unitree-go2-ros2/build/champ_base -- -j12 -l12
[38.081s] Invoking command in '/home/pierre/go2_ws/src/unitree-go2-ros2/build/champ_base': AMENT_PREFIX_PATH=/home/pierre/go2_ws/src/unitree-go2-ros2/install/champ_msgs:/home/pierre/go2_ws/src/unitree-go2-ros2/install/champ:${AMENT_PREFIX_PATH} CMAKE_PREFIX_PATH=/home/pierre/go2_ws/src/unitree-go2-ros2/install/champ_msgs:/home/pierre/go2_ws/src/unitree-go2-ros2/install/champ:/opt/ros/humble LD_LIBRARY_PATH=/home/pierre/go2_ws/src/unitree-go2-ros2/install/champ_msgs/lib:${LD_LIBRARY_PATH} PYTHONPATH=/home/pierre/go2_ws/src/unitree-go2-ros2/install/champ_msgs/local/lib/python3.10/dist-packages:${PYTHONPATH} /usr/bin/cmake --install /home/pierre/go2_ws/src/unitree-go2-ros2/build/champ_base
[38.090s] -- Install configuration: ""
[38.090s] -- Installing: /home/pierre/go2_ws/src/unitree-go2-ros2/install/champ_base/share/champ_base/config
[38.090s] -- Installing: /home/pierre/go2_ws/src/unitree-go2-ros2/install/champ_base/share/champ_base/config/ekf
[38.090s] -- Installing: /home/pierre/go2_ws/src/unitree-go2-ros2/install/champ_base/share/champ_base/config/ekf/footprint_to_odom.yaml
[38.090s] -- Installing: /home/pierre/go2_ws/src/unitree-go2-ros2/install/champ_base/share/champ_base/config/ekf/base_to_footprint.yaml
[38.090s] -- Installing: /home/pierre/go2_ws/src/unitree-go2-ros2/install/champ_base/share/champ_base/config/velocity_smoother
[38.090s] -- Installing: /home/pierre/go2_ws/src/unitree-go2-ros2/install/champ_base/share/champ_base/config/velocity_smoother/velocity_smoother.yaml
[38.091s] -- Installing: /home/pierre/go2_ws/src/unitree-go2-ros2/install/champ_base/lib/libquadruped_controller.so
[38.097s] -- Set runtime path of "/home/pierre/go2_ws/src/unitree-go2-ros2/install/champ_base/lib/libquadruped_controller.so" to ""
[38.097s] -- Installing: /home/pierre/go2_ws/src/unitree-go2-ros2/install/champ_base/bin/quadruped_controller_node
[38.097s] -- Set runtime path of "/home/pierre/go2_ws/src/unitree-go2-ros2/install/champ_base/bin/quadruped_controller_node" to ""
[38.097s] -- Installing: /home/pierre/go2_ws/src/unitree-go2-ros2/install/champ_base/lib/libmessage_relay.so
[38.106s] -- Set runtime path of "/home/pierre/go2_ws/src/unitree-go2-ros2/install/champ_base/lib/libmessage_relay.so" to ""
[38.107s] -- Installing: /home/pierre/go2_ws/src/unitree-go2-ros2/install/champ_base/bin/message_relay_node
[38.107s] -- Set runtime path of "/home/pierre/go2_ws/src/unitree-go2-ros2/install/champ_base/bin/message_relay_node" to ""
[38.107s] -- Installing: /home/pierre/go2_ws/src/unitree-go2-ros2/install/champ_base/lib/libstate_estimation.so
[38.116s] -- Set runtime path of "/home/pierre/go2_ws/src/unitree-go2-ros2/install/champ_base/lib/libstate_estimation.so" to ""
[38.116s] -- Installing: /home/pierre/go2_ws/src/unitree-go2-ros2/install/champ_base/bin/state_estimation_node
[38.116s] -- Set runtime path of "/home/pierre/go2_ws/src/unitree-go2-ros2/install/champ_base/bin/state_estimation_node" to ""
[38.116s] -- Installing: /home/pierre/go2_ws/src/unitree-go2-ros2/install/champ_base/lib/champ_base/quadruped_controller_node
[38.117s] -- Set runtime path of "/home/pierre/go2_ws/src/unitree-go2-ros2/install/champ_base/lib/champ_base/quadruped_controller_node" to ""
[38.117s] -- Installing: /home/pierre/go2_ws/src/unitree-go2-ros2/install/champ_base/lib/champ_base/message_relay_node
[38.117s] -- Set runtime path of "/home/pierre/go2_ws/src/unitree-go2-ros2/install/champ_base/lib/champ_base/message_relay_node" to ""
[38.117s] -- Installing: /home/pierre/go2_ws/src/unitree-go2-ros2/install/champ_base/lib/champ_base/state_estimation_node
[38.117s] -- Set runtime path of "/home/pierre/go2_ws/src/unitree-go2-ros2/install/champ_base/lib/champ_base/state_estimation_node" to ""
[38.118s] -- Installing: /home/pierre/go2_ws/src/unitree-go2-ros2/install/champ_base/share/ament_index/resource_index/package_run_dependencies/champ_base
[38.118s] -- Installing: /home/pierre/go2_ws/src/unitree-go2-ros2/install/champ_base/share/ament_index/resource_index/parent_prefix_path/champ_base
[38.118s] -- Installing: /home/pierre/go2_ws/src/unitree-go2-ros2/install/champ_base/share/champ_base/environment/ament_prefix_path.sh
[38.118s] -- Installing: /home/pierre/go2_ws/src/unitree-go2-ros2/install/champ_base/share/champ_base/environment/ament_prefix_path.dsv
[38.118s] -- Installing: /home/pierre/go2_ws/src/unitree-go2-ros2/install/champ_base/share/champ_base/environment/path.sh
[38.118s] -- Installing: /home/pierre/go2_ws/src/unitree-go2-ros2/install/champ_base/share/champ_base/environment/path.dsv
[38.118s] -- Installing: /home/pierre/go2_ws/src/unitree-go2-ros2/install/champ_base/share/champ_base/local_setup.bash
[38.118s] -- Installing: /home/pierre/go2_ws/src/unitree-go2-ros2/install/champ_base/share/champ_base/local_setup.sh
[38.118s] -- Installing: /home/pierre/go2_ws/src/unitree-go2-ros2/install/champ_base/share/champ_base/local_setup.zsh
[38.118s] -- Installing: /home/pierre/go2_ws/src/unitree-go2-ros2/install/champ_base/share/champ_base/local_setup.dsv
[38.118s] -- Installing: /home/pierre/go2_ws/src/unitree-go2-ros2/install/champ_base/share/champ_base/package.dsv
[38.119s] -- Installing: /home/pierre/go2_ws/src/unitree-go2-ros2/install/champ_base/share/ament_index/resource_index/packages/champ_base
[38.119s] -- Installing: /home/pierre/go2_ws/src/unitree-go2-ros2/install/champ_base/share/champ_base/cmake/ament_cmake_export_include_directories-extras.cmake
[38.119s] -- Installing: /home/pierre/go2_ws/src/unitree-go2-ros2/install/champ_base/share/champ_base/cmake/ament_cmake_export_dependencies-extras.cmake
[38.119s] -- Installing: /home/pierre/go2_ws/src/unitree-go2-ros2/install/champ_base/share/champ_base/cmake/champ_baseConfig.cmake
[38.119s] -- Installing: /home/pierre/go2_ws/src/unitree-go2-ros2/install/champ_base/share/champ_base/cmake/champ_baseConfig-version.cmake
[38.119s] -- Installing: /home/pierre/go2_ws/src/unitree-go2-ros2/install/champ_base/share/champ_base/package.xml
[38.122s] Invoked command in '/home/pierre/go2_ws/src/unitree-go2-ros2/build/champ_base' returned '0': AMENT_PREFIX_PATH=/home/pierre/go2_ws/src/unitree-go2-ros2/install/champ_msgs:/home/pierre/go2_ws/src/unitree-go2-ros2/install/champ:${AMENT_PREFIX_PATH} CMAKE_PREFIX_PATH=/home/pierre/go2_ws/src/unitree-go2-ros2/install/champ_msgs:/home/pierre/go2_ws/src/unitree-go2-ros2/install/champ:/opt/ros/humble LD_LIBRARY_PATH=/home/pierre/go2_ws/src/unitree-go2-ros2/install/champ_msgs/lib:${LD_LIBRARY_PATH} PYTHONPATH=/home/pierre/go2_ws/src/unitree-go2-ros2/install/champ_msgs/local/lib/python3.10/dist-packages:${PYTHONPATH} /usr/bin/cmake --install /home/pierre/go2_ws/src/unitree-go2-ros2/build/champ_base
