[0.039s] Invoking command in '/home/pierre/go2_ws/src/unitree-go2-ros2/build/champ_config': CMAKE_PREFIX_PATH=/opt/ros/humble /usr/bin/cmake /home/pierre/go2_ws/src/unitree-go2-ros2/champ/champ_config -DCMAKE_INSTALL_PREFIX=/home/pierre/go2_ws/src/unitree-go2-ros2/install/champ_config
[0.159s] -- The C compiler identification is GNU 11.4.0
[0.304s] -- The CXX compiler identification is GNU 11.4.0
[0.321s] -- Detecting C compiler ABI info
[0.482s] -- Detecting C compiler ABI info - done
[0.506s] -- Check for working C compiler: /usr/bin/cc - skipped
[0.506s] -- Detecting C compile features
[0.508s] -- Detecting C compile features - done
[0.517s] -- Detecting CXX compiler ABI info
[0.667s] -- Detecting CXX compiler ABI info - done
[0.683s] -- Check for working CXX compiler: /usr/bin/c++ - skipped
[0.684s] -- Detecting CXX compile features
[0.685s] -- Detecting CXX compile features - done
[0.689s] -- Found ament_cmake: 1.3.13 (/opt/ros/humble/share/ament_cmake/cmake)
[0.983s] -- Found Python3: /usr/bin/python3 (found version "3.10.12") found components: Interpreter 
[1.370s] -- Configuring done
[1.376s] -- Generating done
[1.380s] -- Build files have been written to: /home/pierre/go2_ws/src/unitree-go2-ros2/build/champ_config
[1.388s] Invoked command in '/home/pierre/go2_ws/src/unitree-go2-ros2/build/champ_config' returned '0': CMAKE_PREFIX_PATH=/opt/ros/humble /usr/bin/cmake /home/pierre/go2_ws/src/unitree-go2-ros2/champ/champ_config -DCMAKE_INSTALL_PREFIX=/home/pierre/go2_ws/src/unitree-go2-ros2/install/champ_config
[1.393s] Invoking command in '/home/pierre/go2_ws/src/unitree-go2-ros2/build/champ_config': CMAKE_PREFIX_PATH=/opt/ros/humble /usr/bin/cmake --build /home/pierre/go2_ws/src/unitree-go2-ros2/build/champ_config -- -j12 -l12
[1.480s] Invoked command in '/home/pierre/go2_ws/src/unitree-go2-ros2/build/champ_config' returned '0': CMAKE_PREFIX_PATH=/opt/ros/humble /usr/bin/cmake --build /home/pierre/go2_ws/src/unitree-go2-ros2/build/champ_config -- -j12 -l12
[1.489s] Invoking command in '/home/pierre/go2_ws/src/unitree-go2-ros2/build/champ_config': CMAKE_PREFIX_PATH=/opt/ros/humble /usr/bin/cmake --install /home/pierre/go2_ws/src/unitree-go2-ros2/build/champ_config
[1.504s] -- Install configuration: ""
[1.504s] -- Installing: /home/pierre/go2_ws/src/unitree-go2-ros2/install/champ_config/share/champ_config/launch
[1.504s] -- Installing: /home/pierre/go2_ws/src/unitree-go2-ros2/install/champ_config/share/champ_config/launch/gazebo.launch.py
[1.504s] -- Installing: /home/pierre/go2_ws/src/unitree-go2-ros2/install/champ_config/share/champ_config/launch/slam.launch.py
[1.504s] -- Installing: /home/pierre/go2_ws/src/unitree-go2-ros2/install/champ_config/share/champ_config/launch/navigate.launch.py
[1.505s] -- Installing: /home/pierre/go2_ws/src/unitree-go2-ros2/install/champ_config/share/champ_config/launch/bringup.launch.py
[1.505s] -- Installing: /home/pierre/go2_ws/src/unitree-go2-ros2/install/champ_config/share/champ_config/config
[1.505s] -- Installing: /home/pierre/go2_ws/src/unitree-go2-ros2/install/champ_config/share/champ_config/config/autonomy
[1.505s] -- Installing: /home/pierre/go2_ws/src/unitree-go2-ros2/install/champ_config/share/champ_config/config/autonomy/navigation.yaml
[1.505s] -- Installing: /home/pierre/go2_ws/src/unitree-go2-ros2/install/champ_config/share/champ_config/config/autonomy/slam.yaml
[1.506s] -- Installing: /home/pierre/go2_ws/src/unitree-go2-ros2/install/champ_config/share/champ_config/config/links
[1.506s] -- Installing: /home/pierre/go2_ws/src/unitree-go2-ros2/install/champ_config/share/champ_config/config/links/links.yaml
[1.506s] -- Installing: /home/pierre/go2_ws/src/unitree-go2-ros2/install/champ_config/share/champ_config/config/gait
[1.506s] -- Installing: /home/pierre/go2_ws/src/unitree-go2-ros2/install/champ_config/share/champ_config/config/gait/gait.yaml
[1.506s] -- Installing: /home/pierre/go2_ws/src/unitree-go2-ros2/install/champ_config/share/champ_config/config/joints
[1.507s] -- Installing: /home/pierre/go2_ws/src/unitree-go2-ros2/install/champ_config/share/champ_config/config/joints/joints.yaml
[1.507s] -- Installing: /home/pierre/go2_ws/src/unitree-go2-ros2/install/champ_config/share/champ_config/maps
[1.508s] -- Installing: /home/pierre/go2_ws/src/unitree-go2-ros2/install/champ_config/share/champ_config/maps/map.yaml
[1.508s] -- Installing: /home/pierre/go2_ws/src/unitree-go2-ros2/install/champ_config/share/champ_config/maps/playground.yaml
[1.508s] -- Installing: /home/pierre/go2_ws/src/unitree-go2-ros2/install/champ_config/share/champ_config/maps/map.pgm
[1.513s] -- Installing: /home/pierre/go2_ws/src/unitree-go2-ros2/install/champ_config/share/champ_config/maps/playground.pgm
[1.513s] -- Installing: /home/pierre/go2_ws/src/unitree-go2-ros2/install/champ_config/share/champ_config/worlds
[1.513s] -- Installing: /home/pierre/go2_ws/src/unitree-go2-ros2/install/champ_config/share/champ_config/worlds/default.world
[1.514s] -- Installing: /home/pierre/go2_ws/src/unitree-go2-ros2/install/champ_config/share/champ_config/worlds/playground.world
[1.514s] -- Installing: /home/pierre/go2_ws/src/unitree-go2-ros2/install/champ_config/share/champ_config/worlds/outdoor.world
[1.514s] -- Installing: /home/pierre/go2_ws/src/unitree-go2-ros2/install/champ_config/share/ament_index/resource_index/package_run_dependencies/champ_config
[1.515s] -- Installing: /home/pierre/go2_ws/src/unitree-go2-ros2/install/champ_config/share/ament_index/resource_index/parent_prefix_path/champ_config
[1.515s] -- Installing: /home/pierre/go2_ws/src/unitree-go2-ros2/install/champ_config/share/champ_config/environment/ament_prefix_path.sh
[1.516s] -- Installing: /home/pierre/go2_ws/src/unitree-go2-ros2/install/champ_config/share/champ_config/environment/ament_prefix_path.dsv
[1.516s] -- Installing: /home/pierre/go2_ws/src/unitree-go2-ros2/install/champ_config/share/champ_config/environment/path.sh
[1.516s] -- Installing: /home/pierre/go2_ws/src/unitree-go2-ros2/install/champ_config/share/champ_config/environment/path.dsv
[1.517s] -- Installing: /home/pierre/go2_ws/src/unitree-go2-ros2/install/champ_config/share/champ_config/local_setup.bash
[1.517s] -- Installing: /home/pierre/go2_ws/src/unitree-go2-ros2/install/champ_config/share/champ_config/local_setup.sh
[1.517s] -- Installing: /home/pierre/go2_ws/src/unitree-go2-ros2/install/champ_config/share/champ_config/local_setup.zsh
[1.518s] -- Installing: /home/pierre/go2_ws/src/unitree-go2-ros2/install/champ_config/share/champ_config/local_setup.dsv
[1.518s] -- Installing: /home/pierre/go2_ws/src/unitree-go2-ros2/install/champ_config/share/champ_config/package.dsv
[1.518s] -- Installing: /home/pierre/go2_ws/src/unitree-go2-ros2/install/champ_config/share/ament_index/resource_index/packages/champ_config
[1.519s] -- Installing: /home/pierre/go2_ws/src/unitree-go2-ros2/install/champ_config/share/champ_config/cmake/champ_configConfig.cmake
[1.519s] -- Installing: /home/pierre/go2_ws/src/unitree-go2-ros2/install/champ_config/share/champ_config/cmake/champ_configConfig-version.cmake
[1.519s] -- Installing: /home/pierre/go2_ws/src/unitree-go2-ros2/install/champ_config/share/champ_config/package.xml
[1.559s] Invoked command in '/home/pierre/go2_ws/src/unitree-go2-ros2/build/champ_config' returned '0': CMAKE_PREFIX_PATH=/opt/ros/humble /usr/bin/cmake --install /home/pierre/go2_ws/src/unitree-go2-ros2/build/champ_config
