[0.042s] Invoking command in '/home/pierre/go2_ws/src/unitree-go2-ros2/build/go2_config': CMAKE_PREFIX_PATH=/opt/ros/humble /usr/bin/cmake /home/pierre/go2_ws/src/unitree-go2-ros2/robots/configs/go2_config -DCMAKE_INSTALL_PREFIX=/home/pierre/go2_ws/src/unitree-go2-ros2/install/go2_config
[0.159s] -- The C compiler identification is GNU 11.4.0
[0.284s] -- The CXX compiler identification is GNU 11.4.0
[0.303s] -- Detecting C compiler ABI info
[0.442s] -- Detecting C compiler ABI info - done
[0.465s] -- Check for working C compiler: /usr/bin/cc - skipped
[0.467s] -- Detecting C compile features
[0.467s] -- Detecting C compile features - done
[0.477s] -- Detecting CXX compiler ABI info
[0.661s] -- Detecting CXX compiler ABI info - done
[0.685s] -- Check for working CXX compiler: /usr/bin/c++ - skipped
[0.686s] -- Detecting CXX compile features
[0.687s] -- Detecting CXX compile features - done
[0.693s] -- Found ament_cmake: 1.3.13 (/opt/ros/humble/share/ament_cmake/cmake)
[1.083s] -- Found Python3: /usr/bin/python3 (found version "3.10.12") found components: Interpreter 
[1.484s] -- Configuring done
[1.485s] -- Generating done
[1.487s] -- Build files have been written to: /home/pierre/go2_ws/src/unitree-go2-ros2/build/go2_config
[1.539s] Invoked command in '/home/pierre/go2_ws/src/unitree-go2-ros2/build/go2_config' returned '0': CMAKE_PREFIX_PATH=/opt/ros/humble /usr/bin/cmake /home/pierre/go2_ws/src/unitree-go2-ros2/robots/configs/go2_config -DCMAKE_INSTALL_PREFIX=/home/pierre/go2_ws/src/unitree-go2-ros2/install/go2_config
[1.542s] Invoking command in '/home/pierre/go2_ws/src/unitree-go2-ros2/build/go2_config': CMAKE_PREFIX_PATH=/opt/ros/humble /usr/bin/cmake --build /home/pierre/go2_ws/src/unitree-go2-ros2/build/go2_config -- -j12 -l12
[1.645s] Invoked command in '/home/pierre/go2_ws/src/unitree-go2-ros2/build/go2_config' returned '0': CMAKE_PREFIX_PATH=/opt/ros/humble /usr/bin/cmake --build /home/pierre/go2_ws/src/unitree-go2-ros2/build/go2_config -- -j12 -l12
[1.648s] Invoking command in '/home/pierre/go2_ws/src/unitree-go2-ros2/build/go2_config': CMAKE_PREFIX_PATH=/opt/ros/humble /usr/bin/cmake --install /home/pierre/go2_ws/src/unitree-go2-ros2/build/go2_config
[1.659s] -- Install configuration: ""
[1.659s] -- Installing: /home/pierre/go2_ws/src/unitree-go2-ros2/install/go2_config/share/go2_config/launch
[1.659s] -- Installing: /home/pierre/go2_ws/src/unitree-go2-ros2/install/go2_config/share/go2_config/launch/gazebo.launch.py
[1.659s] -- Installing: /home/pierre/go2_ws/src/unitree-go2-ros2/install/go2_config/share/go2_config/launch/slam.launch.py
[1.660s] -- Installing: /home/pierre/go2_ws/src/unitree-go2-ros2/install/go2_config/share/go2_config/launch/gazebo_velodyne.launch.py
[1.660s] -- Installing: /home/pierre/go2_ws/src/unitree-go2-ros2/install/go2_config/share/go2_config/launch/gazebo_custom_world.launch.py
[1.660s] -- Installing: /home/pierre/go2_ws/src/unitree-go2-ros2/install/go2_config/share/go2_config/launch/navigate.launch.py
[1.660s] -- Installing: /home/pierre/go2_ws/src/unitree-go2-ros2/install/go2_config/share/go2_config/launch/bringup.launch.py
[1.660s] -- Installing: /home/pierre/go2_ws/src/unitree-go2-ros2/install/go2_config/share/go2_config/launch/gazebo_custom_world_velodyne.launch.py
[1.660s] -- Installing: /home/pierre/go2_ws/src/unitree-go2-ros2/install/go2_config/share/go2_config/config
[1.661s] -- Installing: /home/pierre/go2_ws/src/unitree-go2-ros2/install/go2_config/share/go2_config/config/autonomy
[1.661s] -- Installing: /home/pierre/go2_ws/src/unitree-go2-ros2/install/go2_config/share/go2_config/config/autonomy/navigation.yaml
[1.661s] -- Installing: /home/pierre/go2_ws/src/unitree-go2-ros2/install/go2_config/share/go2_config/config/autonomy/slam.yaml
[1.661s] -- Installing: /home/pierre/go2_ws/src/unitree-go2-ros2/install/go2_config/share/go2_config/config/links
[1.661s] -- Installing: /home/pierre/go2_ws/src/unitree-go2-ros2/install/go2_config/share/go2_config/config/links/links.yaml
[1.661s] -- Installing: /home/pierre/go2_ws/src/unitree-go2-ros2/install/go2_config/share/go2_config/config/ros_control
[1.662s] -- Installing: /home/pierre/go2_ws/src/unitree-go2-ros2/install/go2_config/share/go2_config/config/ros_control/ros_control.yaml
[1.662s] -- Installing: /home/pierre/go2_ws/src/unitree-go2-ros2/install/go2_config/share/go2_config/config/gait
[1.662s] -- Installing: /home/pierre/go2_ws/src/unitree-go2-ros2/install/go2_config/share/go2_config/config/gait/gait.yaml
[1.662s] -- Installing: /home/pierre/go2_ws/src/unitree-go2-ros2/install/go2_config/share/go2_config/config/joints
[1.662s] -- Installing: /home/pierre/go2_ws/src/unitree-go2-ros2/install/go2_config/share/go2_config/config/joints/joints.yaml
[1.662s] -- Installing: /home/pierre/go2_ws/src/unitree-go2-ros2/install/go2_config/share/go2_config/maps
[1.662s] -- Installing: /home/pierre/go2_ws/src/unitree-go2-ros2/install/go2_config/share/go2_config/maps/map.yaml
[1.663s] -- Installing: /home/pierre/go2_ws/src/unitree-go2-ros2/install/go2_config/share/go2_config/maps/playground.yaml
[1.663s] -- Installing: /home/pierre/go2_ws/src/unitree-go2-ros2/install/go2_config/share/go2_config/maps/map.pgm
[1.666s] -- Installing: /home/pierre/go2_ws/src/unitree-go2-ros2/install/go2_config/share/go2_config/maps/playground.pgm
[1.666s] -- Installing: /home/pierre/go2_ws/src/unitree-go2-ros2/install/go2_config/share/go2_config/worlds
[1.666s] -- Installing: /home/pierre/go2_ws/src/unitree-go2-ros2/install/go2_config/share/go2_config/worlds/default.world
[1.666s] -- Installing: /home/pierre/go2_ws/src/unitree-go2-ros2/install/go2_config/share/go2_config/worlds/playground.world
[1.667s] -- Installing: /home/pierre/go2_ws/src/unitree-go2-ros2/install/go2_config/share/go2_config/worlds/outdoor.world
[1.667s] -- Installing: /home/pierre/go2_ws/src/unitree-go2-ros2/install/go2_config/share/ament_index/resource_index/package_run_dependencies/go2_config
[1.667s] -- Installing: /home/pierre/go2_ws/src/unitree-go2-ros2/install/go2_config/share/ament_index/resource_index/parent_prefix_path/go2_config
[1.667s] -- Installing: /home/pierre/go2_ws/src/unitree-go2-ros2/install/go2_config/share/go2_config/environment/ament_prefix_path.sh
[1.667s] -- Installing: /home/pierre/go2_ws/src/unitree-go2-ros2/install/go2_config/share/go2_config/environment/ament_prefix_path.dsv
[1.667s] -- Installing: /home/pierre/go2_ws/src/unitree-go2-ros2/install/go2_config/share/go2_config/environment/path.sh
[1.668s] -- Installing: /home/pierre/go2_ws/src/unitree-go2-ros2/install/go2_config/share/go2_config/environment/path.dsv
[1.669s] -- Installing: /home/pierre/go2_ws/src/unitree-go2-ros2/install/go2_config/share/go2_config/local_setup.bash
[1.669s] -- Installing: /home/pierre/go2_ws/src/unitree-go2-ros2/install/go2_config/share/go2_config/local_setup.sh
[1.669s] -- Installing: /home/pierre/go2_ws/src/unitree-go2-ros2/install/go2_config/share/go2_config/local_setup.zsh
[1.669s] -- Installing: /home/pierre/go2_ws/src/unitree-go2-ros2/install/go2_config/share/go2_config/local_setup.dsv
[1.669s] -- Installing: /home/pierre/go2_ws/src/unitree-go2-ros2/install/go2_config/share/go2_config/package.dsv
[1.670s] -- Installing: /home/pierre/go2_ws/src/unitree-go2-ros2/install/go2_config/share/ament_index/resource_index/packages/go2_config
[1.670s] -- Installing: /home/pierre/go2_ws/src/unitree-go2-ros2/install/go2_config/share/go2_config/cmake/go2_configConfig.cmake
[1.673s] -- Installing: /home/pierre/go2_ws/src/unitree-go2-ros2/install/go2_config/share/go2_config/cmake/go2_configConfig-version.cmake
[1.674s] -- Installing: /home/pierre/go2_ws/src/unitree-go2-ros2/install/go2_config/share/go2_config/package.xml
[1.675s] Invoked command in '/home/pierre/go2_ws/src/unitree-go2-ros2/build/go2_config' returned '0': CMAKE_PREFIX_PATH=/opt/ros/humble /usr/bin/cmake --install /home/pierre/go2_ws/src/unitree-go2-ros2/build/go2_config
