[0.039s] Invoking command in '/home/pierre/go2_ws/src/unitree-go2-ros2/build/champ_navigation': CMAKE_PREFIX_PATH=/opt/ros/humble /usr/bin/cmake /home/pierre/go2_ws/src/unitree-go2-ros2/champ/champ_navigation -DCMAKE_INSTALL_PREFIX=/home/pierre/go2_ws/src/unitree-go2-ros2/install/champ_navigation
[0.154s] -- The C compiler identification is GNU 11.4.0
[0.297s] -- The CXX compiler identification is GNU 11.4.0
[0.318s] -- Detecting C compiler ABI info
[0.479s] -- Detecting C compiler ABI info - done
[0.498s] -- Check for working C compiler: /usr/bin/cc - skipped
[0.499s] -- Detecting C compile features
[0.500s] -- Detecting C compile features - done
[0.506s] -- Detecting CXX compiler ABI info
[0.693s] -- Detecting CXX compiler ABI info - done
[0.714s] -- Check for working CXX compiler: /usr/bin/c++ - skipped
[0.715s] -- Detecting CXX compile features
[0.716s] -- Detecting CXX compile features - done
[0.722s] -- Found ament_cmake: 1.3.13 (/opt/ros/humble/share/ament_cmake/cmake)
[1.059s] -- Found Python3: /usr/bin/python3 (found version "3.10.12") found components: Interpreter 
[1.445s] -- Configuring done
[1.450s] -- Generating done
[1.454s] -- Build files have been written to: /home/pierre/go2_ws/src/unitree-go2-ros2/build/champ_navigation
[1.472s] Invoked command in '/home/pierre/go2_ws/src/unitree-go2-ros2/build/champ_navigation' returned '0': CMAKE_PREFIX_PATH=/opt/ros/humble /usr/bin/cmake /home/pierre/go2_ws/src/unitree-go2-ros2/champ/champ_navigation -DCMAKE_INSTALL_PREFIX=/home/pierre/go2_ws/src/unitree-go2-ros2/install/champ_navigation
[1.475s] Invoking command in '/home/pierre/go2_ws/src/unitree-go2-ros2/build/champ_navigation': CMAKE_PREFIX_PATH=/opt/ros/humble /usr/bin/cmake --build /home/pierre/go2_ws/src/unitree-go2-ros2/build/champ_navigation -- -j12 -l12
[1.583s] Invoked command in '/home/pierre/go2_ws/src/unitree-go2-ros2/build/champ_navigation' returned '0': CMAKE_PREFIX_PATH=/opt/ros/humble /usr/bin/cmake --build /home/pierre/go2_ws/src/unitree-go2-ros2/build/champ_navigation -- -j12 -l12
[1.585s] Invoking command in '/home/pierre/go2_ws/src/unitree-go2-ros2/build/champ_navigation': CMAKE_PREFIX_PATH=/opt/ros/humble /usr/bin/cmake --install /home/pierre/go2_ws/src/unitree-go2-ros2/build/champ_navigation
[1.601s] -- Install configuration: ""
[1.601s] -- Installing: /home/pierre/go2_ws/src/unitree-go2-ros2/install/champ_navigation/share/champ_navigation/launch
[1.601s] -- Installing: /home/pierre/go2_ws/src/unitree-go2-ros2/install/champ_navigation/share/champ_navigation/launch/slam.launch.py
[1.602s] -- Installing: /home/pierre/go2_ws/src/unitree-go2-ros2/install/champ_navigation/share/champ_navigation/launch/navigate.launch.py
[1.602s] -- Installing: /home/pierre/go2_ws/src/unitree-go2-ros2/install/champ_navigation/share/champ_navigation/rviz
[1.602s] -- Installing: /home/pierre/go2_ws/src/unitree-go2-ros2/install/champ_navigation/share/champ_navigation/rviz/navigation.rviz
[1.602s] -- Installing: /home/pierre/go2_ws/src/unitree-go2-ros2/install/champ_navigation/share/champ_navigation/rviz/navigation_minimal.rviz
[1.602s] -- Installing: /home/pierre/go2_ws/src/unitree-go2-ros2/install/champ_navigation/share/champ_navigation/rviz/slam.rviz
[1.603s] -- Installing: /home/pierre/go2_ws/src/unitree-go2-ros2/install/champ_navigation/share/ament_index/resource_index/package_run_dependencies/champ_navigation
[1.603s] -- Installing: /home/pierre/go2_ws/src/unitree-go2-ros2/install/champ_navigation/share/ament_index/resource_index/parent_prefix_path/champ_navigation
[1.603s] -- Installing: /home/pierre/go2_ws/src/unitree-go2-ros2/install/champ_navigation/share/champ_navigation/environment/ament_prefix_path.sh
[1.604s] -- Installing: /home/pierre/go2_ws/src/unitree-go2-ros2/install/champ_navigation/share/champ_navigation/environment/ament_prefix_path.dsv
[1.604s] -- Installing: /home/pierre/go2_ws/src/unitree-go2-ros2/install/champ_navigation/share/champ_navigation/environment/path.sh
[1.604s] -- Installing: /home/pierre/go2_ws/src/unitree-go2-ros2/install/champ_navigation/share/champ_navigation/environment/path.dsv
[1.605s] -- Installing: /home/pierre/go2_ws/src/unitree-go2-ros2/install/champ_navigation/share/champ_navigation/local_setup.bash
[1.605s] -- Installing: /home/pierre/go2_ws/src/unitree-go2-ros2/install/champ_navigation/share/champ_navigation/local_setup.sh
[1.605s] -- Installing: /home/pierre/go2_ws/src/unitree-go2-ros2/install/champ_navigation/share/champ_navigation/local_setup.zsh
[1.605s] -- Installing: /home/pierre/go2_ws/src/unitree-go2-ros2/install/champ_navigation/share/champ_navigation/local_setup.dsv
[1.605s] -- Installing: /home/pierre/go2_ws/src/unitree-go2-ros2/install/champ_navigation/share/champ_navigation/package.dsv
[1.605s] -- Installing: /home/pierre/go2_ws/src/unitree-go2-ros2/install/champ_navigation/share/ament_index/resource_index/packages/champ_navigation
[1.606s] -- Installing: /home/pierre/go2_ws/src/unitree-go2-ros2/install/champ_navigation/share/champ_navigation/cmake/champ_navigationConfig.cmake
[1.606s] -- Installing: /home/pierre/go2_ws/src/unitree-go2-ros2/install/champ_navigation/share/champ_navigation/cmake/champ_navigationConfig-version.cmake
[1.608s] -- Installing: /home/pierre/go2_ws/src/unitree-go2-ros2/install/champ_navigation/share/champ_navigation/package.xml
[1.639s] Invoked command in '/home/pierre/go2_ws/src/unitree-go2-ros2/build/champ_navigation' returned '0': CMAKE_PREFIX_PATH=/opt/ros/humble /usr/bin/cmake --install /home/pierre/go2_ws/src/unitree-go2-ros2/build/champ_navigation
