[0.041s] Invoking command in '/home/pierre/go2_ws/src/unitree-go2-ros2/build/champ_description': CMAKE_PREFIX_PATH=/opt/ros/humble /usr/bin/cmake /home/pierre/go2_ws/src/unitree-go2-ros2/champ/champ_description -DCMAKE_INSTALL_PREFIX=/home/pierre/go2_ws/src/unitree-go2-ros2/install/champ_description
[0.163s] -- The C compiler identification is GNU 11.4.0
[0.300s] -- The CXX compiler identification is GNU 11.4.0
[0.321s] -- Detecting C compiler ABI info
[0.469s] -- Detecting C compiler ABI info - done
[0.490s] -- Check for working C compiler: /usr/bin/cc - skipped
[0.492s] -- Detecting C compile features
[0.493s] -- Detecting C compile features - done
[0.501s] -- Detecting CXX compiler ABI info
[0.684s] -- Detecting CXX compiler ABI info - done
[0.706s] -- Check for working CXX compiler: /usr/bin/c++ - skipped
[0.707s] -- Detecting CXX compile features
[0.708s] -- Detecting CXX compile features - done
[0.714s] -- Found ament_cmake: 1.3.13 (/opt/ros/humble/share/ament_cmake/cmake)
[1.076s] -- Found Python3: /usr/bin/python3 (found version "3.10.12") found components: Interpreter 
[1.234s] -- Found ament_lint_auto: 0.12.15 (/opt/ros/humble/share/ament_lint_auto/cmake)
[1.352s] -- Configuring done
[1.355s] -- Generating done
[1.358s] -- Build files have been written to: /home/pierre/go2_ws/src/unitree-go2-ros2/build/champ_description
[1.365s] Invoked command in '/home/pierre/go2_ws/src/unitree-go2-ros2/build/champ_description' returned '0': CMAKE_PREFIX_PATH=/opt/ros/humble /usr/bin/cmake /home/pierre/go2_ws/src/unitree-go2-ros2/champ/champ_description -DCMAKE_INSTALL_PREFIX=/home/pierre/go2_ws/src/unitree-go2-ros2/install/champ_description
[1.369s] Invoking command in '/home/pierre/go2_ws/src/unitree-go2-ros2/build/champ_description': CMAKE_PREFIX_PATH=/opt/ros/humble /usr/bin/cmake --build /home/pierre/go2_ws/src/unitree-go2-ros2/build/champ_description -- -j12 -l12
[1.451s] Invoked command in '/home/pierre/go2_ws/src/unitree-go2-ros2/build/champ_description' returned '0': CMAKE_PREFIX_PATH=/opt/ros/humble /usr/bin/cmake --build /home/pierre/go2_ws/src/unitree-go2-ros2/build/champ_description -- -j12 -l12
[1.472s] Invoking command in '/home/pierre/go2_ws/src/unitree-go2-ros2/build/champ_description': CMAKE_PREFIX_PATH=/opt/ros/humble /usr/bin/cmake --install /home/pierre/go2_ws/src/unitree-go2-ros2/build/champ_description
[1.486s] -- Install configuration: ""
[1.486s] -- Installing: /home/pierre/go2_ws/src/unitree-go2-ros2/install/champ_description/share/champ_description/launch
[1.488s] -- Installing: /home/pierre/go2_ws/src/unitree-go2-ros2/install/champ_description/share/champ_description/launch/view_urdf.launch
[1.491s] -- Installing: /home/pierre/go2_ws/src/unitree-go2-ros2/install/champ_description/share/champ_description/launch/description.launch.py
[1.492s] -- Installing: /home/pierre/go2_ws/src/unitree-go2-ros2/install/champ_description/share/champ_description/launch/description.launch
[1.492s] -- Installing: /home/pierre/go2_ws/src/unitree-go2-ros2/install/champ_description/share/champ_description/rviz
[1.492s] -- Installing: /home/pierre/go2_ws/src/unitree-go2-ros2/install/champ_description/share/champ_description/rviz/urdf_viewer.rviz
[1.492s] -- Installing: /home/pierre/go2_ws/src/unitree-go2-ros2/install/champ_description/share/champ_description/meshes
[1.493s] -- Installing: /home/pierre/go2_ws/src/unitree-go2-ros2/install/champ_description/share/champ_description/meshes/arm
[1.493s] -- Installing: /home/pierre/go2_ws/src/unitree-go2-ros2/install/champ_description/share/champ_description/meshes/arm/lower_arm.stl
[1.493s] -- Installing: /home/pierre/go2_ws/src/unitree-go2-ros2/install/champ_description/share/champ_description/meshes/arm/upper_arm.stl
[1.493s] -- Installing: /home/pierre/go2_ws/src/unitree-go2-ros2/install/champ_description/share/champ_description/meshes/arm/wrist1.stl
[1.493s] -- Installing: /home/pierre/go2_ws/src/unitree-go2-ros2/install/champ_description/share/champ_description/meshes/arm/base.stl
[1.494s] -- Installing: /home/pierre/go2_ws/src/unitree-go2-ros2/install/champ_description/share/champ_description/meshes/arm/wrist2.stl
[1.495s] -- Installing: /home/pierre/go2_ws/src/unitree-go2-ros2/install/champ_description/share/champ_description/meshes/asus_camera_simple.dae
[1.495s] -- Installing: /home/pierre/go2_ws/src/unitree-go2-ros2/install/champ_description/share/champ_description/meshes/lower_leg.stl
[1.496s] -- Installing: /home/pierre/go2_ws/src/unitree-go2-ros2/install/champ_description/share/champ_description/meshes/hip.stl
[1.496s] -- Installing: /home/pierre/go2_ws/src/unitree-go2-ros2/install/champ_description/share/champ_description/meshes/lower_leg_simple.stl
[1.496s] -- Installing: /home/pierre/go2_ws/src/unitree-go2-ros2/install/champ_description/share/champ_description/meshes/upper_leg.stl
[1.496s] -- Installing: /home/pierre/go2_ws/src/unitree-go2-ros2/install/champ_description/share/champ_description/meshes/hokuyo_utm_30lx.dae
[1.496s] -- Installing: /home/pierre/go2_ws/src/unitree-go2-ros2/install/champ_description/share/champ_description/meshes/upper_leg_simple.stl
[1.496s] -- Installing: /home/pierre/go2_ws/src/unitree-go2-ros2/install/champ_description/share/champ_description/meshes/base.stl
[1.497s] -- Installing: /home/pierre/go2_ws/src/unitree-go2-ros2/install/champ_description/share/champ_description/meshes/base_simple.stl
[1.497s] -- Installing: /home/pierre/go2_ws/src/unitree-go2-ros2/install/champ_description/share/champ_description/urdf
[1.497s] -- Installing: /home/pierre/go2_ws/src/unitree-go2-ros2/install/champ_description/share/champ_description/urdf/accessories.urdf.xacro
[1.497s] -- Installing: /home/pierre/go2_ws/src/unitree-go2-ros2/install/champ_description/share/champ_description/urdf/leg.urdf.xacro
[1.498s] -- Installing: /home/pierre/go2_ws/src/unitree-go2-ros2/install/champ_description/share/champ_description/urdf/champ.urdf.xacro
[1.498s] -- Installing: /home/pierre/go2_ws/src/unitree-go2-ros2/install/champ_description/share/champ_description/urdf/champ_arm.urdf
[1.498s] -- Installing: /home/pierre/go2_ws/src/unitree-go2-ros2/install/champ_description/share/champ_description/urdf/champ_velodyne.urdf
[1.499s] -- Installing: /home/pierre/go2_ws/src/unitree-go2-ros2/install/champ_description/share/champ_description/urdf/gen_urdf
[1.499s] -- Installing: /home/pierre/go2_ws/src/unitree-go2-ros2/install/champ_description/share/champ_description/urdf/hokuyo_utm30lx.urdf.xacro
[1.500s] -- Installing: /home/pierre/go2_ws/src/unitree-go2-ros2/install/champ_description/share/champ_description/urdf/asus_camera.urdf.xacro
[1.500s] -- Installing: /home/pierre/go2_ws/src/unitree-go2-ros2/install/champ_description/share/champ_description/urdf/champ.urdf
[1.500s] -- Installing: /home/pierre/go2_ws/src/unitree-go2-ros2/install/champ_description/share/champ_description/urdf/properties.urdf.xacro
[1.500s] -- Installing: /home/pierre/go2_ws/src/unitree-go2-ros2/install/champ_description/share/ament_index/resource_index/package_run_dependencies/champ_description
[1.500s] -- Installing: /home/pierre/go2_ws/src/unitree-go2-ros2/install/champ_description/share/ament_index/resource_index/parent_prefix_path/champ_description
[1.501s] -- Installing: /home/pierre/go2_ws/src/unitree-go2-ros2/install/champ_description/share/champ_description/environment/ament_prefix_path.sh
[1.502s] -- Installing: /home/pierre/go2_ws/src/unitree-go2-ros2/install/champ_description/share/champ_description/environment/ament_prefix_path.dsv
[1.502s] -- Installing: /home/pierre/go2_ws/src/unitree-go2-ros2/install/champ_description/share/champ_description/environment/path.sh
[1.502s] -- Installing: /home/pierre/go2_ws/src/unitree-go2-ros2/install/champ_description/share/champ_description/environment/path.dsv
[1.502s] -- Installing: /home/pierre/go2_ws/src/unitree-go2-ros2/install/champ_description/share/champ_description/local_setup.bash
[1.503s] -- Installing: /home/pierre/go2_ws/src/unitree-go2-ros2/install/champ_description/share/champ_description/local_setup.sh
[1.503s] -- Installing: /home/pierre/go2_ws/src/unitree-go2-ros2/install/champ_description/share/champ_description/local_setup.zsh
[1.503s] -- Installing: /home/pierre/go2_ws/src/unitree-go2-ros2/install/champ_description/share/champ_description/local_setup.dsv
[1.503s] -- Installing: /home/pierre/go2_ws/src/unitree-go2-ros2/install/champ_description/share/champ_description/package.dsv
[1.504s] -- Installing: /home/pierre/go2_ws/src/unitree-go2-ros2/install/champ_description/share/ament_index/resource_index/packages/champ_description
[1.504s] -- Installing: /home/pierre/go2_ws/src/unitree-go2-ros2/install/champ_description/share/champ_description/cmake/champ_descriptionConfig.cmake
[1.504s] -- Installing: /home/pierre/go2_ws/src/unitree-go2-ros2/install/champ_description/share/champ_description/cmake/champ_descriptionConfig-version.cmake
[1.504s] -- Installing: /home/pierre/go2_ws/src/unitree-go2-ros2/install/champ_description/share/champ_description/package.xml
[1.506s] Invoked command in '/home/pierre/go2_ws/src/unitree-go2-ros2/build/champ_description' returned '0': CMAKE_PREFIX_PATH=/opt/ros/humble /usr/bin/cmake --install /home/pierre/go2_ws/src/unitree-go2-ros2/build/champ_description
