[0.043s] Invoking command in '/home/pierre/go2_ws/src/unitree-go2-ros2/build/champ_msgs': CMAKE_PREFIX_PATH=/opt/ros/humble /usr/bin/cmake /home/pierre/go2_ws/src/unitree-go2-ros2/champ/champ_msgs -DCMAKE_INSTALL_PREFIX=/home/pierre/go2_ws/src/unitree-go2-ros2/install/champ_msgs
[0.163s] -- The C compiler identification is GNU 11.4.0
[0.289s] -- The CXX compiler identification is GNU 11.4.0
[0.301s] -- Detecting C compiler ABI info
[0.444s] -- Detecting C compiler ABI info - done
[0.466s] -- Check for working C compiler: /usr/bin/cc - skipped
[0.466s] -- Detecting C compile features
[0.467s] -- Detecting C compile features - done
[0.474s] -- Detecting CXX compiler ABI info
[0.656s] -- Detecting CXX compiler ABI info - done
[0.675s] -- Check for working CXX compiler: /usr/bin/c++ - skipped
[0.675s] -- Detecting CXX compile features
[0.677s] -- Detecting CXX compile features - done
[0.682s] -- Found ament_cmake: 1.3.13 (/opt/ros/humble/share/ament_cmake/cmake)
[1.018s] -- Found Python3: /usr/bin/python3 (found version "3.10.12") found components: Interpreter 
[1.247s] -- Found rosidl_default_generators: 1.2.0 (/opt/ros/humble/share/rosidl_default_generators/cmake)
[1.257s] -- Using all available rosidl_typesupport_c: rosidl_typesupport_fastrtps_c;rosidl_typesupport_introspection_c
[1.274s] -- Found rosidl_adapter: 3.1.8 (/opt/ros/humble/share/rosidl_adapter/cmake)
[1.379s] -- Using all available rosidl_typesupport_cpp: rosidl_typesupport_fastrtps_cpp;rosidl_typesupport_introspection_cpp
[1.470s] -- Found std_msgs: 4.9.1 (/opt/ros/humble/share/std_msgs/cmake)
[1.542s] -- Found geometry_msgs: 4.9.1 (/opt/ros/humble/share/geometry_msgs/cmake)
[2.046s] -- Found ament_cmake_ros: 0.10.0 (/opt/ros/humble/share/ament_cmake_ros/cmake)
[2.317s] -- Using all available rosidl_typesupport_c: rosidl_typesupport_fastrtps_c;rosidl_typesupport_introspection_c
[2.611s] -- Using all available rosidl_typesupport_cpp: rosidl_typesupport_fastrtps_cpp;rosidl_typesupport_introspection_cpp
[2.635s] -- Found PythonInterp: /usr/bin/python3 (found suitable version "3.10.12", minimum required is "3.6") 
[2.637s] -- Found python_cmake_module: 0.10.0 (/opt/ros/humble/share/python_cmake_module/cmake)
[2.661s] -- Found PythonLibs: /usr/lib/x86_64-linux-gnu/libpython3.10.so (found suitable version "3.10.12", minimum required is "3.5") 
[2.661s] -- Using PYTHON_EXECUTABLE: /usr/bin/python3
[2.661s] -- Using PYTHON_INCLUDE_DIRS: /usr/include/python3.10
[2.661s] -- Using PYTHON_LIBRARIES: /usr/lib/x86_64-linux-gnu/libpython3.10.so
[2.678s] -- Found PythonExtra: .so  
[2.730s] -- Found ament_lint_auto: 0.12.15 (/opt/ros/humble/share/ament_lint_auto/cmake)
[2.736s] -- Configuring done
[2.771s] -- Generating done
[2.781s] -- Build files have been written to: /home/pierre/go2_ws/src/unitree-go2-ros2/build/champ_msgs
[2.787s] Invoked command in '/home/pierre/go2_ws/src/unitree-go2-ros2/build/champ_msgs' returned '0': CMAKE_PREFIX_PATH=/opt/ros/humble /usr/bin/cmake /home/pierre/go2_ws/src/unitree-go2-ros2/champ/champ_msgs -DCMAKE_INSTALL_PREFIX=/home/pierre/go2_ws/src/unitree-go2-ros2/install/champ_msgs
[2.790s] Invoking command in '/home/pierre/go2_ws/src/unitree-go2-ros2/build/champ_msgs': CMAKE_PREFIX_PATH=/opt/ros/humble /usr/bin/cmake --build /home/pierre/go2_ws/src/unitree-go2-ros2/build/champ_msgs -- -j12 -l12
[2.835s] [  1%] [34m[1mGenerating C code for ROS interfaces[0m
[2.850s] [  2%] [34m[1mGenerating C++ code for ROS interfaces[0m
[2.862s] [  2%] Built target ament_cmake_python_copy_champ_msgs
[3.130s] running egg_info
[3.131s] creating champ_msgs.egg-info
[3.132s] writing champ_msgs.egg-info/PKG-INFO
[3.132s] writing dependency_links to champ_msgs.egg-info/dependency_links.txt
[3.132s] writing top-level names to champ_msgs.egg-info/top_level.txt
[3.133s] writing manifest file 'champ_msgs.egg-info/SOURCES.txt'
[3.135s] reading manifest file 'champ_msgs.egg-info/SOURCES.txt'
[3.136s] writing manifest file 'champ_msgs.egg-info/SOURCES.txt'
[3.168s] [  2%] Built target ament_cmake_python_build_champ_msgs_egg
[3.559s] [  3%] [32mBuilding C object CMakeFiles/champ_msgs__rosidl_generator_c.dir/rosidl_generator_c/champ_msgs/msg/detail/point_array__functions.c.o[0m
[3.559s] [  5%] [32mBuilding C object CMakeFiles/champ_msgs__rosidl_generator_c.dir/rosidl_generator_c/champ_msgs/msg/detail/pid__functions.c.o[0m
[3.560s] [  5%] [32mBuilding C object CMakeFiles/champ_msgs__rosidl_generator_c.dir/rosidl_generator_c/champ_msgs/msg/detail/velocities__functions.c.o[0m
[3.560s] [  7%] [32mBuilding C object CMakeFiles/champ_msgs__rosidl_generator_c.dir/rosidl_generator_c/champ_msgs/msg/detail/imu__functions.c.o[0m
[3.560s] [  7%] [32mBuilding C object CMakeFiles/champ_msgs__rosidl_generator_c.dir/rosidl_generator_c/champ_msgs/msg/detail/point__functions.c.o[0m
[3.560s] [  8%] [32mBuilding C object CMakeFiles/champ_msgs__rosidl_generator_c.dir/rosidl_generator_c/champ_msgs/msg/detail/joints__functions.c.o[0m
[3.561s] [ 10%] [32mBuilding C object CMakeFiles/champ_msgs__rosidl_generator_c.dir/rosidl_generator_c/champ_msgs/msg/detail/contacts__functions.c.o[0m
[3.561s] [ 10%] [32mBuilding C object CMakeFiles/champ_msgs__rosidl_generator_c.dir/rosidl_generator_c/champ_msgs/msg/detail/pose__functions.c.o[0m
[3.561s] [ 11%] [32mBuilding C object CMakeFiles/champ_msgs__rosidl_generator_c.dir/rosidl_generator_c/champ_msgs/msg/detail/contacts_stamped__functions.c.o[0m
[3.694s] [ 12%] [32m[1mLinking C shared library libchamp_msgs__rosidl_generator_c.so[0m
[3.740s] [ 12%] Built target champ_msgs__cpp
[3.756s] [ 13%] [34m[1mGenerating C++ type support dispatch for ROS interfaces[0m
[3.758s] [ 15%] [34m[1mGenerating C++ type support for eProsima Fast-RTPS[0m
[3.758s] [ 15%] [34m[1mGenerating C++ introspection for ROS interfaces[0m
[3.767s] [ 15%] Built target champ_msgs__rosidl_generator_c
[3.783s] [ 16%] [34m[1mGenerating C type support dispatch for ROS interfaces[0m
[3.788s] [ 17%] [34m[1mGenerating C type support for eProsima Fast-RTPS[0m
[3.788s] [ 18%] [34m[1mGenerating C introspection for ROS interfaces[0m
[4.331s] [ 20%] [32mBuilding CXX object CMakeFiles/champ_msgs__rosidl_typesupport_cpp.dir/rosidl_typesupport_cpp/champ_msgs/msg/velocities__type_support.cpp.o[0m
[4.331s] [ 21%] [32mBuilding CXX object CMakeFiles/champ_msgs__rosidl_typesupport_cpp.dir/rosidl_typesupport_cpp/champ_msgs/msg/imu__type_support.cpp.o[0m
[4.332s] [ 22%] [32mBuilding CXX object CMakeFiles/champ_msgs__rosidl_typesupport_cpp.dir/rosidl_typesupport_cpp/champ_msgs/msg/point__type_support.cpp.o[0m
[4.333s] [ 23%] [32mBuilding CXX object CMakeFiles/champ_msgs__rosidl_typesupport_cpp.dir/rosidl_typesupport_cpp/champ_msgs/msg/pid__type_support.cpp.o[0m
[4.333s] [ 24%] [32mBuilding CXX object CMakeFiles/champ_msgs__rosidl_typesupport_cpp.dir/rosidl_typesupport_cpp/champ_msgs/msg/point_array__type_support.cpp.o[0m
[4.333s] [ 25%] [32mBuilding CXX object CMakeFiles/champ_msgs__rosidl_typesupport_cpp.dir/rosidl_typesupport_cpp/champ_msgs/msg/contacts__type_support.cpp.o[0m
[4.333s] [ 26%] [32mBuilding CXX object CMakeFiles/champ_msgs__rosidl_typesupport_cpp.dir/rosidl_typesupport_cpp/champ_msgs/msg/joints__type_support.cpp.o[0m
[4.377s] [ 27%] [32mBuilding CXX object CMakeFiles/champ_msgs__rosidl_typesupport_c.dir/rosidl_typesupport_c/champ_msgs/msg/velocities__type_support.cpp.o[0m
[4.448s] [ 28%] [32mBuilding CXX object CMakeFiles/champ_msgs__rosidl_typesupport_c.dir/rosidl_typesupport_c/champ_msgs/msg/pid__type_support.cpp.o[0m
[4.528s] [ 29%] [32mBuilding CXX object CMakeFiles/champ_msgs__rosidl_typesupport_c.dir/rosidl_typesupport_c/champ_msgs/msg/imu__type_support.cpp.o[0m
[4.615s] [ 30%] [32mBuilding CXX object CMakeFiles/champ_msgs__rosidl_typesupport_c.dir/rosidl_typesupport_c/champ_msgs/msg/point__type_support.cpp.o[0m
[4.704s] [ 31%] [32mBuilding CXX object CMakeFiles/champ_msgs__rosidl_typesupport_c.dir/rosidl_typesupport_c/champ_msgs/msg/point_array__type_support.cpp.o[0m
[4.795s] [ 32%] [32mBuilding CXX object CMakeFiles/champ_msgs__rosidl_typesupport_c.dir/rosidl_typesupport_c/champ_msgs/msg/joints__type_support.cpp.o[0m
[4.882s] [ 33%] [32mBuilding CXX object CMakeFiles/champ_msgs__rosidl_typesupport_c.dir/rosidl_typesupport_c/champ_msgs/msg/contacts__type_support.cpp.o[0m
[4.980s] [ 34%] [32mBuilding CXX object CMakeFiles/champ_msgs__rosidl_typesupport_c.dir/rosidl_typesupport_c/champ_msgs/msg/contacts_stamped__type_support.cpp.o[0m
[5.068s] [ 35%] [32mBuilding CXX object CMakeFiles/champ_msgs__rosidl_typesupport_c.dir/rosidl_typesupport_c/champ_msgs/msg/pose__type_support.cpp.o[0m
[5.133s] [ 36%] [32mBuilding CXX object CMakeFiles/champ_msgs__rosidl_typesupport_cpp.dir/rosidl_typesupport_cpp/champ_msgs/msg/contacts_stamped__type_support.cpp.o[0m
[5.143s] [ 37%] [32m[1mLinking CXX shared library libchamp_msgs__rosidl_typesupport_c.so[0m
[5.152s] [ 38%] [32mBuilding CXX object CMakeFiles/champ_msgs__rosidl_typesupport_cpp.dir/rosidl_typesupport_cpp/champ_msgs/msg/pose__type_support.cpp.o[0m
[5.209s] [ 40%] [32mBuilding CXX object CMakeFiles/champ_msgs__rosidl_typesupport_introspection_cpp.dir/rosidl_typesupport_introspection_cpp/champ_msgs/msg/detail/velocities__type_support.cpp.o[0m
[5.216s] [ 41%] [32mBuilding CXX object CMakeFiles/champ_msgs__rosidl_typesupport_introspection_cpp.dir/rosidl_typesupport_introspection_cpp/champ_msgs/msg/detail/pid__type_support.cpp.o[0m
[5.216s] [ 42%] [32mBuilding CXX object CMakeFiles/champ_msgs__rosidl_typesupport_introspection_cpp.dir/rosidl_typesupport_introspection_cpp/champ_msgs/msg/detail/imu__type_support.cpp.o[0m
[5.234s] [ 43%] [32mBuilding CXX object CMakeFiles/champ_msgs__rosidl_typesupport_introspection_cpp.dir/rosidl_typesupport_introspection_cpp/champ_msgs/msg/detail/point__type_support.cpp.o[0m
[5.239s] [ 44%] [32mBuilding C object CMakeFiles/champ_msgs__rosidl_typesupport_introspection_c.dir/rosidl_typesupport_introspection_c/champ_msgs/msg/detail/velocities__type_support.c.o[0m
[5.246s] [ 45%] [32mBuilding CXX object CMakeFiles/champ_msgs__rosidl_typesupport_introspection_cpp.dir/rosidl_typesupport_introspection_cpp/champ_msgs/msg/detail/point_array__type_support.cpp.o[0m
[5.254s] [ 46%] [32mBuilding CXX object CMakeFiles/champ_msgs__rosidl_typesupport_introspection_cpp.dir/rosidl_typesupport_introspection_cpp/champ_msgs/msg/detail/joints__type_support.cpp.o[0m
[5.265s] [ 46%] Built target champ_msgs__rosidl_typesupport_c
[5.288s] [ 47%] [32mBuilding C object CMakeFiles/champ_msgs__rosidl_typesupport_introspection_c.dir/rosidl_typesupport_introspection_c/champ_msgs/msg/detail/pid__type_support.c.o[0m
[5.336s] [ 48%] [32mBuilding C object CMakeFiles/champ_msgs__rosidl_typesupport_introspection_c.dir/rosidl_typesupport_introspection_c/champ_msgs/msg/detail/imu__type_support.c.o[0m
[5.374s] [ 49%] [32mBuilding C object CMakeFiles/champ_msgs__rosidl_typesupport_introspection_c.dir/rosidl_typesupport_introspection_c/champ_msgs/msg/detail/point__type_support.c.o[0m
[5.376s] [ 50%] [32mBuilding CXX object CMakeFiles/champ_msgs__rosidl_typesupport_fastrtps_cpp.dir/rosidl_typesupport_fastrtps_cpp/champ_msgs/msg/detail/dds_fastrtps/velocities__type_support.cpp.o[0m
[5.377s] [ 51%] [32mBuilding CXX object CMakeFiles/champ_msgs__rosidl_typesupport_fastrtps_c.dir/rosidl_typesupport_fastrtps_c/champ_msgs/msg/detail/velocities__type_support_c.cpp.o[0m
[5.427s] [ 52%] [32mBuilding CXX object CMakeFiles/champ_msgs__rosidl_typesupport_fastrtps_cpp.dir/rosidl_typesupport_fastrtps_cpp/champ_msgs/msg/detail/dds_fastrtps/pid__type_support.cpp.o[0m
[5.460s] [ 53%] [32mBuilding C object CMakeFiles/champ_msgs__rosidl_typesupport_introspection_c.dir/rosidl_typesupport_introspection_c/champ_msgs/msg/detail/point_array__type_support.c.o[0m
[5.551s] [ 54%] [32mBuilding C object CMakeFiles/champ_msgs__rosidl_typesupport_introspection_c.dir/rosidl_typesupport_introspection_c/champ_msgs/msg/detail/joints__type_support.c.o[0m
[5.672s] [ 55%] [32mBuilding C object CMakeFiles/champ_msgs__rosidl_typesupport_introspection_c.dir/rosidl_typesupport_introspection_c/champ_msgs/msg/detail/contacts__type_support.c.o[0m
[5.790s] [ 56%] [32mBuilding C object CMakeFiles/champ_msgs__rosidl_typesupport_introspection_c.dir/rosidl_typesupport_introspection_c/champ_msgs/msg/detail/contacts_stamped__type_support.c.o[0m
[5.904s] [ 57%] [32mBuilding C object CMakeFiles/champ_msgs__rosidl_typesupport_introspection_c.dir/rosidl_typesupport_introspection_c/champ_msgs/msg/detail/pose__type_support.c.o[0m
[6.006s] [ 58%] [32m[1mLinking C shared library libchamp_msgs__rosidl_typesupport_introspection_c.so[0m
[6.021s] [ 60%] [32mBuilding CXX object CMakeFiles/champ_msgs__rosidl_typesupport_introspection_cpp.dir/rosidl_typesupport_introspection_cpp/champ_msgs/msg/detail/contacts__type_support.cpp.o[0m
[6.042s] [ 61%] [32m[1mLinking CXX shared library libchamp_msgs__rosidl_typesupport_cpp.so[0m
[6.101s] [ 61%] Built target champ_msgs__rosidl_typesupport_introspection_c
[6.128s] [ 62%] [32mBuilding CXX object CMakeFiles/champ_msgs__rosidl_typesupport_fastrtps_cpp.dir/rosidl_typesupport_fastrtps_cpp/champ_msgs/msg/detail/dds_fastrtps/imu__type_support.cpp.o[0m
[6.181s] [ 62%] Built target champ_msgs__rosidl_typesupport_cpp
[6.210s] [ 63%] [32mBuilding CXX object CMakeFiles/champ_msgs__rosidl_typesupport_fastrtps_cpp.dir/rosidl_typesupport_fastrtps_cpp/champ_msgs/msg/detail/dds_fastrtps/point__type_support.cpp.o[0m
[6.430s] [ 64%] [32mBuilding CXX object CMakeFiles/champ_msgs__rosidl_typesupport_fastrtps_c.dir/rosidl_typesupport_fastrtps_c/champ_msgs/msg/detail/pid__type_support_c.cpp.o[0m
[6.466s] [ 65%] [32mBuilding CXX object CMakeFiles/champ_msgs__rosidl_typesupport_fastrtps_cpp.dir/rosidl_typesupport_fastrtps_cpp/champ_msgs/msg/detail/dds_fastrtps/point_array__type_support.cpp.o[0m
[6.475s] [ 66%] [32mBuilding CXX object CMakeFiles/champ_msgs__rosidl_typesupport_fastrtps_cpp.dir/rosidl_typesupport_fastrtps_cpp/champ_msgs/msg/detail/dds_fastrtps/joints__type_support.cpp.o[0m
[6.502s] [ 67%] [32mBuilding CXX object CMakeFiles/champ_msgs__rosidl_typesupport_introspection_cpp.dir/rosidl_typesupport_introspection_cpp/champ_msgs/msg/detail/contacts_stamped__type_support.cpp.o[0m
[6.536s] [ 68%] [32mBuilding CXX object CMakeFiles/champ_msgs__rosidl_typesupport_introspection_cpp.dir/rosidl_typesupport_introspection_cpp/champ_msgs/msg/detail/pose__type_support.cpp.o[0m
[6.649s] [ 69%] [32mBuilding CXX object CMakeFiles/champ_msgs__rosidl_typesupport_fastrtps_c.dir/rosidl_typesupport_fastrtps_c/champ_msgs/msg/detail/imu__type_support_c.cpp.o[0m
[6.666s] [ 70%] [32mBuilding CXX object CMakeFiles/champ_msgs__rosidl_typesupport_fastrtps_c.dir/rosidl_typesupport_fastrtps_c/champ_msgs/msg/detail/point__type_support_c.cpp.o[0m
[6.698s] [ 71%] [32mBuilding CXX object CMakeFiles/champ_msgs__rosidl_typesupport_fastrtps_c.dir/rosidl_typesupport_fastrtps_c/champ_msgs/msg/detail/point_array__type_support_c.cpp.o[0m
[6.750s] [ 72%] [32mBuilding CXX object CMakeFiles/champ_msgs__rosidl_typesupport_fastrtps_c.dir/rosidl_typesupport_fastrtps_c/champ_msgs/msg/detail/joints__type_support_c.cpp.o[0m
[7.466s] [ 73%] [32mBuilding CXX object CMakeFiles/champ_msgs__rosidl_typesupport_fastrtps_c.dir/rosidl_typesupport_fastrtps_c/champ_msgs/msg/detail/contacts__type_support_c.cpp.o[0m
[7.470s] [ 74%] [32mBuilding CXX object CMakeFiles/champ_msgs__rosidl_typesupport_fastrtps_c.dir/rosidl_typesupport_fastrtps_c/champ_msgs/msg/detail/contacts_stamped__type_support_c.cpp.o[0m
[7.557s] [ 75%] [32mBuilding CXX object CMakeFiles/champ_msgs__rosidl_typesupport_fastrtps_c.dir/rosidl_typesupport_fastrtps_c/champ_msgs/msg/detail/pose__type_support_c.cpp.o[0m
[7.582s] [ 76%] [32mBuilding CXX object CMakeFiles/champ_msgs__rosidl_typesupport_fastrtps_cpp.dir/rosidl_typesupport_fastrtps_cpp/champ_msgs/msg/detail/dds_fastrtps/contacts__type_support.cpp.o[0m
[7.709s] [ 77%] [32mBuilding CXX object CMakeFiles/champ_msgs__rosidl_typesupport_fastrtps_cpp.dir/rosidl_typesupport_fastrtps_cpp/champ_msgs/msg/detail/dds_fastrtps/contacts_stamped__type_support.cpp.o[0m
[7.712s] [ 78%] [32mBuilding CXX object CMakeFiles/champ_msgs__rosidl_typesupport_fastrtps_cpp.dir/rosidl_typesupport_fastrtps_cpp/champ_msgs/msg/detail/dds_fastrtps/pose__type_support.cpp.o[0m
[7.993s] [ 80%] [32m[1mLinking CXX shared library libchamp_msgs__rosidl_typesupport_introspection_cpp.so[0m
[8.210s] [ 80%] Built target champ_msgs__rosidl_typesupport_introspection_cpp
[8.433s] [ 81%] [32m[1mLinking CXX shared library libchamp_msgs__rosidl_typesupport_fastrtps_c.so[0m
[8.519s] [ 82%] [32m[1mLinking CXX shared library libchamp_msgs__rosidl_typesupport_fastrtps_cpp.so[0m
[8.531s] [ 82%] Built target champ_msgs__rosidl_typesupport_fastrtps_c
[8.594s] [ 82%] Built target champ_msgs__rosidl_typesupport_fastrtps_cpp
[8.614s] [ 82%] Built target champ_msgs
[8.637s] [ 83%] [34m[1mGenerating Python code for ROS interfaces[0m
[9.331s] [ 83%] Built target champ_msgs__py
[9.360s] [ 84%] [32mBuilding C object CMakeFiles/champ_msgs__rosidl_generator_py.dir/rosidl_generator_py/champ_msgs/msg/_joints_s.c.o[0m
[9.360s] [ 85%] [32mBuilding C object CMakeFiles/champ_msgs__rosidl_generator_py.dir/rosidl_generator_py/champ_msgs/msg/_contacts_stamped_s.c.o[0m
[9.361s] [ 86%] [32mBuilding C object CMakeFiles/champ_msgs__rosidl_generator_py.dir/rosidl_generator_py/champ_msgs/msg/_velocities_s.c.o[0m
[9.361s] [ 88%] [32mBuilding C object CMakeFiles/champ_msgs__rosidl_generator_py.dir/rosidl_generator_py/champ_msgs/msg/_pid_s.c.o[0m
[9.361s] [ 88%] [32mBuilding C object CMakeFiles/champ_msgs__rosidl_generator_py.dir/rosidl_generator_py/champ_msgs/msg/_imu_s.c.o[0m
[9.362s] [ 89%] [32mBuilding C object CMakeFiles/champ_msgs__rosidl_generator_py.dir/rosidl_generator_py/champ_msgs/msg/_point_array_s.c.o[0m
[9.362s] [ 90%] [32mBuilding C object CMakeFiles/champ_msgs__rosidl_generator_py.dir/rosidl_generator_py/champ_msgs/msg/_point_s.c.o[0m
[9.364s] [ 91%] [32mBuilding C object CMakeFiles/champ_msgs__rosidl_generator_py.dir/rosidl_generator_py/champ_msgs/msg/_contacts_s.c.o[0m
[9.365s] [ 92%] [32mBuilding C object CMakeFiles/champ_msgs__rosidl_generator_py.dir/rosidl_generator_py/champ_msgs/msg/_pose_s.c.o[0m
[9.587s] [ 93%] [32m[1mLinking C shared library rosidl_generator_py/champ_msgs/libchamp_msgs__rosidl_generator_py.so[0m
[9.632s] [ 93%] Built target champ_msgs__rosidl_generator_py
[9.660s] [ 94%] [32mBuilding C object CMakeFiles/champ_msgs__rosidl_typesupport_introspection_c__pyext.dir/rosidl_generator_py/champ_msgs/_champ_msgs_s.ep.rosidl_typesupport_introspection_c.c.o[0m
[9.661s] [ 95%] [32mBuilding C object CMakeFiles/champ_msgs__rosidl_typesupport_c__pyext.dir/rosidl_generator_py/champ_msgs/_champ_msgs_s.ep.rosidl_typesupport_c.c.o[0m
[9.662s] [ 96%] [32mBuilding C object CMakeFiles/champ_msgs__rosidl_typesupport_fastrtps_c__pyext.dir/rosidl_generator_py/champ_msgs/_champ_msgs_s.ep.rosidl_typesupport_fastrtps_c.c.o[0m
[9.806s] [ 97%] [32m[1mLinking C shared library rosidl_generator_py/champ_msgs/champ_msgs_s__rosidl_typesupport_c.cpython-310-x86_64-linux-gnu.so[0m
[9.819s] [ 98%] [32m[1mLinking C shared library rosidl_generator_py/champ_msgs/champ_msgs_s__rosidl_typesupport_fastrtps_c.cpython-310-x86_64-linux-gnu.so[0m
[9.835s] [100%] [32m[1mLinking C shared library rosidl_generator_py/champ_msgs/champ_msgs_s__rosidl_typesupport_introspection_c.cpython-310-x86_64-linux-gnu.so[0m
[9.869s] [100%] Built target champ_msgs__rosidl_typesupport_c__pyext
[9.884s] [100%] Built target champ_msgs__rosidl_typesupport_fastrtps_c__pyext
[9.890s] [100%] Built target champ_msgs__rosidl_typesupport_introspection_c__pyext
[9.904s] Invoked command in '/home/pierre/go2_ws/src/unitree-go2-ros2/build/champ_msgs' returned '0': CMAKE_PREFIX_PATH=/opt/ros/humble /usr/bin/cmake --build /home/pierre/go2_ws/src/unitree-go2-ros2/build/champ_msgs -- -j12 -l12
[9.906s] Invoking command in '/home/pierre/go2_ws/src/unitree-go2-ros2/build/champ_msgs': CMAKE_PREFIX_PATH=/opt/ros/humble /usr/bin/cmake --install /home/pierre/go2_ws/src/unitree-go2-ros2/build/champ_msgs
[9.916s] -- Install configuration: ""
[9.916s] -- Installing: /home/pierre/go2_ws/src/unitree-go2-ros2/install/champ_msgs/share/ament_index/resource_index/rosidl_interfaces/champ_msgs
[9.916s] -- Installing: /home/pierre/go2_ws/src/unitree-go2-ros2/install/champ_msgs/include/champ_msgs/champ_msgs
[9.917s] -- Installing: /home/pierre/go2_ws/src/unitree-go2-ros2/install/champ_msgs/include/champ_msgs/champ_msgs/msg
[9.917s] -- Installing: /home/pierre/go2_ws/src/unitree-go2-ros2/install/champ_msgs/include/champ_msgs/champ_msgs/msg/velocities.h
[9.917s] -- Installing: /home/pierre/go2_ws/src/unitree-go2-ros2/install/champ_msgs/include/champ_msgs/champ_msgs/msg/pose.h
[9.917s] -- Installing: /home/pierre/go2_ws/src/unitree-go2-ros2/install/champ_msgs/include/champ_msgs/champ_msgs/msg/detail
[9.918s] -- Installing: /home/pierre/go2_ws/src/unitree-go2-ros2/install/champ_msgs/include/champ_msgs/champ_msgs/msg/detail/point_array__struct.h
[9.918s] -- Installing: /home/pierre/go2_ws/src/unitree-go2-ros2/install/champ_msgs/include/champ_msgs/champ_msgs/msg/detail/pid__functions.c
[9.918s] -- Installing: /home/pierre/go2_ws/src/unitree-go2-ros2/install/champ_msgs/include/champ_msgs/champ_msgs/msg/detail/contacts_stamped__type_support.h
[9.919s] -- Installing: /home/pierre/go2_ws/src/unitree-go2-ros2/install/champ_msgs/include/champ_msgs/champ_msgs/msg/detail/joints__functions.h
[9.919s] -- Installing: /home/pierre/go2_ws/src/unitree-go2-ros2/install/champ_msgs/include/champ_msgs/champ_msgs/msg/detail/joints__type_support.h
[9.919s] -- Installing: /home/pierre/go2_ws/src/unitree-go2-ros2/install/champ_msgs/include/champ_msgs/champ_msgs/msg/detail/joints__struct.h
[9.919s] -- Installing: /home/pierre/go2_ws/src/unitree-go2-ros2/install/champ_msgs/include/champ_msgs/champ_msgs/msg/detail/contacts_stamped__functions.c
[9.919s] -- Installing: /home/pierre/go2_ws/src/unitree-go2-ros2/install/champ_msgs/include/champ_msgs/champ_msgs/msg/detail/point_array__type_support.h
[9.919s] -- Installing: /home/pierre/go2_ws/src/unitree-go2-ros2/install/champ_msgs/include/champ_msgs/champ_msgs/msg/detail/contacts__functions.c
[9.919s] -- Installing: /home/pierre/go2_ws/src/unitree-go2-ros2/install/champ_msgs/include/champ_msgs/champ_msgs/msg/detail/pid__functions.h
[9.919s] -- Installing: /home/pierre/go2_ws/src/unitree-go2-ros2/install/champ_msgs/include/champ_msgs/champ_msgs/msg/detail/imu__functions.c
[9.919s] -- Installing: /home/pierre/go2_ws/src/unitree-go2-ros2/install/champ_msgs/include/champ_msgs/champ_msgs/msg/detail/point_array__functions.h
[9.920s] -- Installing: /home/pierre/go2_ws/src/unitree-go2-ros2/install/champ_msgs/include/champ_msgs/champ_msgs/msg/detail/pose__type_support.h
[9.920s] -- Installing: /home/pierre/go2_ws/src/unitree-go2-ros2/install/champ_msgs/include/champ_msgs/champ_msgs/msg/detail/point__type_support.h
[9.920s] -- Installing: /home/pierre/go2_ws/src/unitree-go2-ros2/install/champ_msgs/include/champ_msgs/champ_msgs/msg/detail/velocities__struct.h
[9.920s] -- Installing: /home/pierre/go2_ws/src/unitree-go2-ros2/install/champ_msgs/include/champ_msgs/champ_msgs/msg/detail/contacts__functions.h
[9.920s] -- Installing: /home/pierre/go2_ws/src/unitree-go2-ros2/install/champ_msgs/include/champ_msgs/champ_msgs/msg/detail/point__functions.c
[9.920s] -- Installing: /home/pierre/go2_ws/src/unitree-go2-ros2/install/champ_msgs/include/champ_msgs/champ_msgs/msg/detail/imu__functions.h
[9.920s] -- Installing: /home/pierre/go2_ws/src/unitree-go2-ros2/install/champ_msgs/include/champ_msgs/champ_msgs/msg/detail/pid__struct.h
[9.920s] -- Installing: /home/pierre/go2_ws/src/unitree-go2-ros2/install/champ_msgs/include/champ_msgs/champ_msgs/msg/detail/imu__type_support.h
[9.920s] -- Installing: /home/pierre/go2_ws/src/unitree-go2-ros2/install/champ_msgs/include/champ_msgs/champ_msgs/msg/detail/pose__functions.h
[9.921s] -- Installing: /home/pierre/go2_ws/src/unitree-go2-ros2/install/champ_msgs/include/champ_msgs/champ_msgs/msg/detail/contacts__type_support.h
[9.921s] -- Installing: /home/pierre/go2_ws/src/unitree-go2-ros2/install/champ_msgs/include/champ_msgs/champ_msgs/msg/detail/pose__struct.h
[9.921s] -- Installing: /home/pierre/go2_ws/src/unitree-go2-ros2/install/champ_msgs/include/champ_msgs/champ_msgs/msg/detail/contacts_stamped__functions.h
[9.921s] -- Installing: /home/pierre/go2_ws/src/unitree-go2-ros2/install/champ_msgs/include/champ_msgs/champ_msgs/msg/detail/point__struct.h
[9.921s] -- Installing: /home/pierre/go2_ws/src/unitree-go2-ros2/install/champ_msgs/include/champ_msgs/champ_msgs/msg/detail/pose__functions.c
[9.921s] -- Installing: /home/pierre/go2_ws/src/unitree-go2-ros2/install/champ_msgs/include/champ_msgs/champ_msgs/msg/detail/velocities__type_support.h
[9.921s] -- Installing: /home/pierre/go2_ws/src/unitree-go2-ros2/install/champ_msgs/include/champ_msgs/champ_msgs/msg/detail/contacts_stamped__struct.h
[9.921s] -- Installing: /home/pierre/go2_ws/src/unitree-go2-ros2/install/champ_msgs/include/champ_msgs/champ_msgs/msg/detail/point_array__functions.c
[9.922s] -- Installing: /home/pierre/go2_ws/src/unitree-go2-ros2/install/champ_msgs/include/champ_msgs/champ_msgs/msg/detail/pid__type_support.h
[9.922s] -- Installing: /home/pierre/go2_ws/src/unitree-go2-ros2/install/champ_msgs/include/champ_msgs/champ_msgs/msg/detail/velocities__functions.c
[9.922s] -- Installing: /home/pierre/go2_ws/src/unitree-go2-ros2/install/champ_msgs/include/champ_msgs/champ_msgs/msg/detail/joints__functions.c
[9.922s] -- Installing: /home/pierre/go2_ws/src/unitree-go2-ros2/install/champ_msgs/include/champ_msgs/champ_msgs/msg/detail/point__functions.h
[9.922s] -- Installing: /home/pierre/go2_ws/src/unitree-go2-ros2/install/champ_msgs/include/champ_msgs/champ_msgs/msg/detail/contacts__struct.h
[9.922s] -- Installing: /home/pierre/go2_ws/src/unitree-go2-ros2/install/champ_msgs/include/champ_msgs/champ_msgs/msg/detail/imu__struct.h
[9.922s] -- Installing: /home/pierre/go2_ws/src/unitree-go2-ros2/install/champ_msgs/include/champ_msgs/champ_msgs/msg/detail/velocities__functions.h
[9.923s] -- Installing: /home/pierre/go2_ws/src/unitree-go2-ros2/install/champ_msgs/include/champ_msgs/champ_msgs/msg/contacts.h
[9.923s] -- Installing: /home/pierre/go2_ws/src/unitree-go2-ros2/install/champ_msgs/include/champ_msgs/champ_msgs/msg/pid.h
[9.923s] -- Installing: /home/pierre/go2_ws/src/unitree-go2-ros2/install/champ_msgs/include/champ_msgs/champ_msgs/msg/rosidl_generator_c__visibility_control.h
[9.923s] -- Installing: /home/pierre/go2_ws/src/unitree-go2-ros2/install/champ_msgs/include/champ_msgs/champ_msgs/msg/imu.h
[9.923s] -- Installing: /home/pierre/go2_ws/src/unitree-go2-ros2/install/champ_msgs/include/champ_msgs/champ_msgs/msg/contacts_stamped.h
[9.923s] -- Installing: /home/pierre/go2_ws/src/unitree-go2-ros2/install/champ_msgs/include/champ_msgs/champ_msgs/msg/joints.h
[9.923s] -- Installing: /home/pierre/go2_ws/src/unitree-go2-ros2/install/champ_msgs/include/champ_msgs/champ_msgs/msg/point.h
[9.923s] -- Installing: /home/pierre/go2_ws/src/unitree-go2-ros2/install/champ_msgs/include/champ_msgs/champ_msgs/msg/point_array.h
[9.924s] -- Installing: /home/pierre/go2_ws/src/unitree-go2-ros2/install/champ_msgs/share/champ_msgs/environment/library_path.sh
[9.924s] -- Installing: /home/pierre/go2_ws/src/unitree-go2-ros2/install/champ_msgs/share/champ_msgs/environment/library_path.dsv
[9.924s] -- Installing: /home/pierre/go2_ws/src/unitree-go2-ros2/install/champ_msgs/lib/libchamp_msgs__rosidl_generator_c.so
[9.925s] -- Set runtime path of "/home/pierre/go2_ws/src/unitree-go2-ros2/install/champ_msgs/lib/libchamp_msgs__rosidl_generator_c.so" to ""
[9.925s] -- Up-to-date: /home/pierre/go2_ws/src/unitree-go2-ros2/install/champ_msgs/include/champ_msgs/champ_msgs
[9.925s] -- Up-to-date: /home/pierre/go2_ws/src/unitree-go2-ros2/install/champ_msgs/include/champ_msgs/champ_msgs/msg
[9.925s] -- Up-to-date: /home/pierre/go2_ws/src/unitree-go2-ros2/install/champ_msgs/include/champ_msgs/champ_msgs/msg/detail
[9.925s] -- Installing: /home/pierre/go2_ws/src/unitree-go2-ros2/install/champ_msgs/include/champ_msgs/champ_msgs/msg/detail/point__rosidl_typesupport_fastrtps_c.h
[9.925s] -- Installing: /home/pierre/go2_ws/src/unitree-go2-ros2/install/champ_msgs/include/champ_msgs/champ_msgs/msg/detail/velocities__rosidl_typesupport_fastrtps_c.h
[9.925s] -- Installing: /home/pierre/go2_ws/src/unitree-go2-ros2/install/champ_msgs/include/champ_msgs/champ_msgs/msg/detail/contacts_stamped__rosidl_typesupport_fastrtps_c.h
[9.925s] -- Installing: /home/pierre/go2_ws/src/unitree-go2-ros2/install/champ_msgs/include/champ_msgs/champ_msgs/msg/detail/contacts__rosidl_typesupport_fastrtps_c.h
[9.926s] -- Installing: /home/pierre/go2_ws/src/unitree-go2-ros2/install/champ_msgs/include/champ_msgs/champ_msgs/msg/detail/joints__rosidl_typesupport_fastrtps_c.h
[9.926s] -- Installing: /home/pierre/go2_ws/src/unitree-go2-ros2/install/champ_msgs/include/champ_msgs/champ_msgs/msg/detail/pose__rosidl_typesupport_fastrtps_c.h
[9.926s] -- Installing: /home/pierre/go2_ws/src/unitree-go2-ros2/install/champ_msgs/include/champ_msgs/champ_msgs/msg/detail/pid__rosidl_typesupport_fastrtps_c.h
[9.926s] -- Installing: /home/pierre/go2_ws/src/unitree-go2-ros2/install/champ_msgs/include/champ_msgs/champ_msgs/msg/detail/point_array__rosidl_typesupport_fastrtps_c.h
[9.926s] -- Installing: /home/pierre/go2_ws/src/unitree-go2-ros2/install/champ_msgs/include/champ_msgs/champ_msgs/msg/detail/imu__rosidl_typesupport_fastrtps_c.h
[9.926s] -- Installing: /home/pierre/go2_ws/src/unitree-go2-ros2/install/champ_msgs/include/champ_msgs/champ_msgs/msg/rosidl_typesupport_fastrtps_c__visibility_control.h
[9.926s] -- Installing: /home/pierre/go2_ws/src/unitree-go2-ros2/install/champ_msgs/lib/libchamp_msgs__rosidl_typesupport_fastrtps_c.so
[9.927s] -- Set runtime path of "/home/pierre/go2_ws/src/unitree-go2-ros2/install/champ_msgs/lib/libchamp_msgs__rosidl_typesupport_fastrtps_c.so" to ""
[9.927s] -- Up-to-date: /home/pierre/go2_ws/src/unitree-go2-ros2/install/champ_msgs/include/champ_msgs/champ_msgs
[9.927s] -- Up-to-date: /home/pierre/go2_ws/src/unitree-go2-ros2/install/champ_msgs/include/champ_msgs/champ_msgs/msg
[9.927s] -- Up-to-date: /home/pierre/go2_ws/src/unitree-go2-ros2/install/champ_msgs/include/champ_msgs/champ_msgs/msg/detail
[9.927s] -- Installing: /home/pierre/go2_ws/src/unitree-go2-ros2/install/champ_msgs/include/champ_msgs/champ_msgs/msg/detail/velocities__rosidl_typesupport_introspection_c.h
[9.927s] -- Installing: /home/pierre/go2_ws/src/unitree-go2-ros2/install/champ_msgs/include/champ_msgs/champ_msgs/msg/detail/pose__type_support.c
[9.927s] -- Installing: /home/pierre/go2_ws/src/unitree-go2-ros2/install/champ_msgs/include/champ_msgs/champ_msgs/msg/detail/pose__rosidl_typesupport_introspection_c.h
[9.928s] -- Installing: /home/pierre/go2_ws/src/unitree-go2-ros2/install/champ_msgs/include/champ_msgs/champ_msgs/msg/detail/contacts_stamped__rosidl_typesupport_introspection_c.h
[9.928s] -- Installing: /home/pierre/go2_ws/src/unitree-go2-ros2/install/champ_msgs/include/champ_msgs/champ_msgs/msg/detail/contacts__rosidl_typesupport_introspection_c.h
[9.928s] -- Installing: /home/pierre/go2_ws/src/unitree-go2-ros2/install/champ_msgs/include/champ_msgs/champ_msgs/msg/detail/imu__type_support.c
[9.928s] -- Installing: /home/pierre/go2_ws/src/unitree-go2-ros2/install/champ_msgs/include/champ_msgs/champ_msgs/msg/detail/pid__rosidl_typesupport_introspection_c.h
[9.928s] -- Installing: /home/pierre/go2_ws/src/unitree-go2-ros2/install/champ_msgs/include/champ_msgs/champ_msgs/msg/detail/joints__rosidl_typesupport_introspection_c.h
[9.928s] -- Installing: /home/pierre/go2_ws/src/unitree-go2-ros2/install/champ_msgs/include/champ_msgs/champ_msgs/msg/detail/contacts__type_support.c
[9.928s] -- Installing: /home/pierre/go2_ws/src/unitree-go2-ros2/install/champ_msgs/include/champ_msgs/champ_msgs/msg/detail/imu__rosidl_typesupport_introspection_c.h
[9.929s] -- Installing: /home/pierre/go2_ws/src/unitree-go2-ros2/install/champ_msgs/include/champ_msgs/champ_msgs/msg/detail/point_array__type_support.c
[9.929s] -- Installing: /home/pierre/go2_ws/src/unitree-go2-ros2/install/champ_msgs/include/champ_msgs/champ_msgs/msg/detail/point__rosidl_typesupport_introspection_c.h
[9.929s] -- Installing: /home/pierre/go2_ws/src/unitree-go2-ros2/install/champ_msgs/include/champ_msgs/champ_msgs/msg/detail/point__type_support.c
[9.929s] -- Installing: /home/pierre/go2_ws/src/unitree-go2-ros2/install/champ_msgs/include/champ_msgs/champ_msgs/msg/detail/pid__type_support.c
[9.929s] -- Installing: /home/pierre/go2_ws/src/unitree-go2-ros2/install/champ_msgs/include/champ_msgs/champ_msgs/msg/detail/joints__type_support.c
[9.929s] -- Installing: /home/pierre/go2_ws/src/unitree-go2-ros2/install/champ_msgs/include/champ_msgs/champ_msgs/msg/detail/point_array__rosidl_typesupport_introspection_c.h
[9.929s] -- Installing: /home/pierre/go2_ws/src/unitree-go2-ros2/install/champ_msgs/include/champ_msgs/champ_msgs/msg/detail/contacts_stamped__type_support.c
[9.929s] -- Installing: /home/pierre/go2_ws/src/unitree-go2-ros2/install/champ_msgs/include/champ_msgs/champ_msgs/msg/detail/velocities__type_support.c
[9.929s] -- Installing: /home/pierre/go2_ws/src/unitree-go2-ros2/install/champ_msgs/include/champ_msgs/champ_msgs/msg/rosidl_typesupport_introspection_c__visibility_control.h
[9.930s] -- Installing: /home/pierre/go2_ws/src/unitree-go2-ros2/install/champ_msgs/lib/libchamp_msgs__rosidl_typesupport_introspection_c.so
[9.930s] -- Set runtime path of "/home/pierre/go2_ws/src/unitree-go2-ros2/install/champ_msgs/lib/libchamp_msgs__rosidl_typesupport_introspection_c.so" to ""
[9.930s] -- Installing: /home/pierre/go2_ws/src/unitree-go2-ros2/install/champ_msgs/lib/libchamp_msgs__rosidl_typesupport_c.so
[9.930s] -- Set runtime path of "/home/pierre/go2_ws/src/unitree-go2-ros2/install/champ_msgs/lib/libchamp_msgs__rosidl_typesupport_c.so" to ""
[9.930s] -- Up-to-date: /home/pierre/go2_ws/src/unitree-go2-ros2/install/champ_msgs/include/champ_msgs/champ_msgs
[9.930s] -- Up-to-date: /home/pierre/go2_ws/src/unitree-go2-ros2/install/champ_msgs/include/champ_msgs/champ_msgs/msg
[9.931s] -- Installing: /home/pierre/go2_ws/src/unitree-go2-ros2/install/champ_msgs/include/champ_msgs/champ_msgs/msg/contacts.hpp
[9.931s] -- Up-to-date: /home/pierre/go2_ws/src/unitree-go2-ros2/install/champ_msgs/include/champ_msgs/champ_msgs/msg/detail
[9.931s] -- Installing: /home/pierre/go2_ws/src/unitree-go2-ros2/install/champ_msgs/include/champ_msgs/champ_msgs/msg/detail/point__builder.hpp
[9.931s] -- Installing: /home/pierre/go2_ws/src/unitree-go2-ros2/install/champ_msgs/include/champ_msgs/champ_msgs/msg/detail/point_array__struct.hpp
[9.931s] -- Installing: /home/pierre/go2_ws/src/unitree-go2-ros2/install/champ_msgs/include/champ_msgs/champ_msgs/msg/detail/pose__builder.hpp
[9.931s] -- Installing: /home/pierre/go2_ws/src/unitree-go2-ros2/install/champ_msgs/include/champ_msgs/champ_msgs/msg/detail/contacts__type_support.hpp
[9.931s] -- Installing: /home/pierre/go2_ws/src/unitree-go2-ros2/install/champ_msgs/include/champ_msgs/champ_msgs/msg/detail/point_array__builder.hpp
[9.931s] -- Installing: /home/pierre/go2_ws/src/unitree-go2-ros2/install/champ_msgs/include/champ_msgs/champ_msgs/msg/detail/contacts_stamped__struct.hpp
[9.931s] -- Installing: /home/pierre/go2_ws/src/unitree-go2-ros2/install/champ_msgs/include/champ_msgs/champ_msgs/msg/detail/contacts__builder.hpp
[9.931s] -- Installing: /home/pierre/go2_ws/src/unitree-go2-ros2/install/champ_msgs/include/champ_msgs/champ_msgs/msg/detail/velocities__struct.hpp
[9.931s] -- Installing: /home/pierre/go2_ws/src/unitree-go2-ros2/install/champ_msgs/include/champ_msgs/champ_msgs/msg/detail/pid__struct.hpp
[9.932s] -- Installing: /home/pierre/go2_ws/src/unitree-go2-ros2/install/champ_msgs/include/champ_msgs/champ_msgs/msg/detail/contacts__struct.hpp
[9.932s] -- Installing: /home/pierre/go2_ws/src/unitree-go2-ros2/install/champ_msgs/include/champ_msgs/champ_msgs/msg/detail/pid__traits.hpp
[9.932s] -- Installing: /home/pierre/go2_ws/src/unitree-go2-ros2/install/champ_msgs/include/champ_msgs/champ_msgs/msg/detail/point_array__type_support.hpp
[9.932s] -- Installing: /home/pierre/go2_ws/src/unitree-go2-ros2/install/champ_msgs/include/champ_msgs/champ_msgs/msg/detail/contacts_stamped__type_support.hpp
[9.932s] -- Installing: /home/pierre/go2_ws/src/unitree-go2-ros2/install/champ_msgs/include/champ_msgs/champ_msgs/msg/detail/velocities__traits.hpp
[9.932s] -- Installing: /home/pierre/go2_ws/src/unitree-go2-ros2/install/champ_msgs/include/champ_msgs/champ_msgs/msg/detail/pose__traits.hpp
[9.932s] -- Installing: /home/pierre/go2_ws/src/unitree-go2-ros2/install/champ_msgs/include/champ_msgs/champ_msgs/msg/detail/pid__type_support.hpp
[9.932s] -- Installing: /home/pierre/go2_ws/src/unitree-go2-ros2/install/champ_msgs/include/champ_msgs/champ_msgs/msg/detail/pid__builder.hpp
[9.932s] -- Installing: /home/pierre/go2_ws/src/unitree-go2-ros2/install/champ_msgs/include/champ_msgs/champ_msgs/msg/detail/contacts__traits.hpp
[9.932s] -- Installing: /home/pierre/go2_ws/src/unitree-go2-ros2/install/champ_msgs/include/champ_msgs/champ_msgs/msg/detail/imu__struct.hpp
[9.932s] -- Installing: /home/pierre/go2_ws/src/unitree-go2-ros2/install/champ_msgs/include/champ_msgs/champ_msgs/msg/detail/imu__builder.hpp
[9.932s] -- Installing: /home/pierre/go2_ws/src/unitree-go2-ros2/install/champ_msgs/include/champ_msgs/champ_msgs/msg/detail/point__type_support.hpp
[9.933s] -- Installing: /home/pierre/go2_ws/src/unitree-go2-ros2/install/champ_msgs/include/champ_msgs/champ_msgs/msg/detail/imu__type_support.hpp
[9.933s] -- Installing: /home/pierre/go2_ws/src/unitree-go2-ros2/install/champ_msgs/include/champ_msgs/champ_msgs/msg/detail/joints__struct.hpp
[9.933s] -- Installing: /home/pierre/go2_ws/src/unitree-go2-ros2/install/champ_msgs/include/champ_msgs/champ_msgs/msg/detail/joints__type_support.hpp
[9.933s] -- Installing: /home/pierre/go2_ws/src/unitree-go2-ros2/install/champ_msgs/include/champ_msgs/champ_msgs/msg/detail/pose__type_support.hpp
[9.933s] -- Installing: /home/pierre/go2_ws/src/unitree-go2-ros2/install/champ_msgs/include/champ_msgs/champ_msgs/msg/detail/contacts_stamped__builder.hpp
[9.933s] -- Installing: /home/pierre/go2_ws/src/unitree-go2-ros2/install/champ_msgs/include/champ_msgs/champ_msgs/msg/detail/point__struct.hpp
[9.933s] -- Installing: /home/pierre/go2_ws/src/unitree-go2-ros2/install/champ_msgs/include/champ_msgs/champ_msgs/msg/detail/velocities__builder.hpp
[9.933s] -- Installing: /home/pierre/go2_ws/src/unitree-go2-ros2/install/champ_msgs/include/champ_msgs/champ_msgs/msg/detail/imu__traits.hpp
[9.933s] -- Installing: /home/pierre/go2_ws/src/unitree-go2-ros2/install/champ_msgs/include/champ_msgs/champ_msgs/msg/detail/joints__traits.hpp
[9.933s] -- Installing: /home/pierre/go2_ws/src/unitree-go2-ros2/install/champ_msgs/include/champ_msgs/champ_msgs/msg/detail/point__traits.hpp
[9.933s] -- Installing: /home/pierre/go2_ws/src/unitree-go2-ros2/install/champ_msgs/include/champ_msgs/champ_msgs/msg/detail/pose__struct.hpp
[9.934s] -- Installing: /home/pierre/go2_ws/src/unitree-go2-ros2/install/champ_msgs/include/champ_msgs/champ_msgs/msg/detail/joints__builder.hpp
[9.934s] -- Installing: /home/pierre/go2_ws/src/unitree-go2-ros2/install/champ_msgs/include/champ_msgs/champ_msgs/msg/detail/velocities__type_support.hpp
[9.934s] -- Installing: /home/pierre/go2_ws/src/unitree-go2-ros2/install/champ_msgs/include/champ_msgs/champ_msgs/msg/detail/point_array__traits.hpp
[9.934s] -- Installing: /home/pierre/go2_ws/src/unitree-go2-ros2/install/champ_msgs/include/champ_msgs/champ_msgs/msg/detail/contacts_stamped__traits.hpp
[9.934s] -- Installing: /home/pierre/go2_ws/src/unitree-go2-ros2/install/champ_msgs/include/champ_msgs/champ_msgs/msg/pid.hpp
[9.934s] -- Installing: /home/pierre/go2_ws/src/unitree-go2-ros2/install/champ_msgs/include/champ_msgs/champ_msgs/msg/point_array.hpp
[9.934s] -- Installing: /home/pierre/go2_ws/src/unitree-go2-ros2/install/champ_msgs/include/champ_msgs/champ_msgs/msg/pose.hpp
[9.934s] -- Installing: /home/pierre/go2_ws/src/unitree-go2-ros2/install/champ_msgs/include/champ_msgs/champ_msgs/msg/contacts_stamped.hpp
[9.934s] -- Installing: /home/pierre/go2_ws/src/unitree-go2-ros2/install/champ_msgs/include/champ_msgs/champ_msgs/msg/velocities.hpp
[9.934s] -- Installing: /home/pierre/go2_ws/src/unitree-go2-ros2/install/champ_msgs/include/champ_msgs/champ_msgs/msg/imu.hpp
[9.934s] -- Installing: /home/pierre/go2_ws/src/unitree-go2-ros2/install/champ_msgs/include/champ_msgs/champ_msgs/msg/point.hpp
[9.934s] -- Installing: /home/pierre/go2_ws/src/unitree-go2-ros2/install/champ_msgs/include/champ_msgs/champ_msgs/msg/rosidl_generator_cpp__visibility_control.hpp
[9.935s] -- Installing: /home/pierre/go2_ws/src/unitree-go2-ros2/install/champ_msgs/include/champ_msgs/champ_msgs/msg/joints.hpp
[9.935s] -- Up-to-date: /home/pierre/go2_ws/src/unitree-go2-ros2/install/champ_msgs/include/champ_msgs/champ_msgs
[9.935s] -- Up-to-date: /home/pierre/go2_ws/src/unitree-go2-ros2/install/champ_msgs/include/champ_msgs/champ_msgs/msg
[9.935s] -- Installing: /home/pierre/go2_ws/src/unitree-go2-ros2/install/champ_msgs/include/champ_msgs/champ_msgs/msg/rosidl_typesupport_fastrtps_cpp__visibility_control.h
[9.935s] -- Up-to-date: /home/pierre/go2_ws/src/unitree-go2-ros2/install/champ_msgs/include/champ_msgs/champ_msgs/msg/detail
[9.935s] -- Installing: /home/pierre/go2_ws/src/unitree-go2-ros2/install/champ_msgs/include/champ_msgs/champ_msgs/msg/detail/contacts__rosidl_typesupport_fastrtps_cpp.hpp
[9.935s] -- Installing: /home/pierre/go2_ws/src/unitree-go2-ros2/install/champ_msgs/include/champ_msgs/champ_msgs/msg/detail/contacts_stamped__rosidl_typesupport_fastrtps_cpp.hpp
[9.935s] -- Installing: /home/pierre/go2_ws/src/unitree-go2-ros2/install/champ_msgs/include/champ_msgs/champ_msgs/msg/detail/point_array__rosidl_typesupport_fastrtps_cpp.hpp
[9.935s] -- Installing: /home/pierre/go2_ws/src/unitree-go2-ros2/install/champ_msgs/include/champ_msgs/champ_msgs/msg/detail/pose__rosidl_typesupport_fastrtps_cpp.hpp
[9.935s] -- Installing: /home/pierre/go2_ws/src/unitree-go2-ros2/install/champ_msgs/include/champ_msgs/champ_msgs/msg/detail/velocities__rosidl_typesupport_fastrtps_cpp.hpp
[9.935s] -- Installing: /home/pierre/go2_ws/src/unitree-go2-ros2/install/champ_msgs/include/champ_msgs/champ_msgs/msg/detail/imu__rosidl_typesupport_fastrtps_cpp.hpp
[9.935s] -- Installing: /home/pierre/go2_ws/src/unitree-go2-ros2/install/champ_msgs/include/champ_msgs/champ_msgs/msg/detail/joints__rosidl_typesupport_fastrtps_cpp.hpp
[9.935s] -- Installing: /home/pierre/go2_ws/src/unitree-go2-ros2/install/champ_msgs/include/champ_msgs/champ_msgs/msg/detail/dds_fastrtps
[9.936s] -- Installing: /home/pierre/go2_ws/src/unitree-go2-ros2/install/champ_msgs/include/champ_msgs/champ_msgs/msg/detail/pid__rosidl_typesupport_fastrtps_cpp.hpp
[9.936s] -- Installing: /home/pierre/go2_ws/src/unitree-go2-ros2/install/champ_msgs/include/champ_msgs/champ_msgs/msg/detail/point__rosidl_typesupport_fastrtps_cpp.hpp
[9.936s] -- Installing: /home/pierre/go2_ws/src/unitree-go2-ros2/install/champ_msgs/lib/libchamp_msgs__rosidl_typesupport_fastrtps_cpp.so
[9.936s] -- Set runtime path of "/home/pierre/go2_ws/src/unitree-go2-ros2/install/champ_msgs/lib/libchamp_msgs__rosidl_typesupport_fastrtps_cpp.so" to ""
[9.936s] -- Up-to-date: /home/pierre/go2_ws/src/unitree-go2-ros2/install/champ_msgs/include/champ_msgs/champ_msgs
[9.936s] -- Up-to-date: /home/pierre/go2_ws/src/unitree-go2-ros2/install/champ_msgs/include/champ_msgs/champ_msgs/msg
[9.936s] -- Up-to-date: /home/pierre/go2_ws/src/unitree-go2-ros2/install/champ_msgs/include/champ_msgs/champ_msgs/msg/detail
[9.936s] -- Installing: /home/pierre/go2_ws/src/unitree-go2-ros2/install/champ_msgs/include/champ_msgs/champ_msgs/msg/detail/pid__rosidl_typesupport_introspection_cpp.hpp
[9.937s] -- Installing: /home/pierre/go2_ws/src/unitree-go2-ros2/install/champ_msgs/include/champ_msgs/champ_msgs/msg/detail/contacts__type_support.cpp
[9.937s] -- Installing: /home/pierre/go2_ws/src/unitree-go2-ros2/install/champ_msgs/include/champ_msgs/champ_msgs/msg/detail/contacts_stamped__type_support.cpp
[9.937s] -- Installing: /home/pierre/go2_ws/src/unitree-go2-ros2/install/champ_msgs/include/champ_msgs/champ_msgs/msg/detail/point__rosidl_typesupport_introspection_cpp.hpp
[9.937s] -- Installing: /home/pierre/go2_ws/src/unitree-go2-ros2/install/champ_msgs/include/champ_msgs/champ_msgs/msg/detail/joints__rosidl_typesupport_introspection_cpp.hpp
[9.937s] -- Installing: /home/pierre/go2_ws/src/unitree-go2-ros2/install/champ_msgs/include/champ_msgs/champ_msgs/msg/detail/pose__rosidl_typesupport_introspection_cpp.hpp
[9.937s] -- Installing: /home/pierre/go2_ws/src/unitree-go2-ros2/install/champ_msgs/include/champ_msgs/champ_msgs/msg/detail/contacts_stamped__rosidl_typesupport_introspection_cpp.hpp
[9.937s] -- Installing: /home/pierre/go2_ws/src/unitree-go2-ros2/install/champ_msgs/include/champ_msgs/champ_msgs/msg/detail/imu__type_support.cpp
[9.937s] -- Installing: /home/pierre/go2_ws/src/unitree-go2-ros2/install/champ_msgs/include/champ_msgs/champ_msgs/msg/detail/velocities__rosidl_typesupport_introspection_cpp.hpp
[9.937s] -- Installing: /home/pierre/go2_ws/src/unitree-go2-ros2/install/champ_msgs/include/champ_msgs/champ_msgs/msg/detail/joints__type_support.cpp
[9.937s] -- Installing: /home/pierre/go2_ws/src/unitree-go2-ros2/install/champ_msgs/include/champ_msgs/champ_msgs/msg/detail/point__type_support.cpp
[9.937s] -- Installing: /home/pierre/go2_ws/src/unitree-go2-ros2/install/champ_msgs/include/champ_msgs/champ_msgs/msg/detail/pose__type_support.cpp
[9.937s] -- Installing: /home/pierre/go2_ws/src/unitree-go2-ros2/install/champ_msgs/include/champ_msgs/champ_msgs/msg/detail/point_array__rosidl_typesupport_introspection_cpp.hpp
[9.938s] -- Installing: /home/pierre/go2_ws/src/unitree-go2-ros2/install/champ_msgs/include/champ_msgs/champ_msgs/msg/detail/imu__rosidl_typesupport_introspection_cpp.hpp
[9.938s] -- Installing: /home/pierre/go2_ws/src/unitree-go2-ros2/install/champ_msgs/include/champ_msgs/champ_msgs/msg/detail/velocities__type_support.cpp
[9.938s] -- Installing: /home/pierre/go2_ws/src/unitree-go2-ros2/install/champ_msgs/include/champ_msgs/champ_msgs/msg/detail/pid__type_support.cpp
[9.938s] -- Installing: /home/pierre/go2_ws/src/unitree-go2-ros2/install/champ_msgs/include/champ_msgs/champ_msgs/msg/detail/contacts__rosidl_typesupport_introspection_cpp.hpp
[9.938s] -- Installing: /home/pierre/go2_ws/src/unitree-go2-ros2/install/champ_msgs/include/champ_msgs/champ_msgs/msg/detail/point_array__type_support.cpp
[9.938s] -- Installing: /home/pierre/go2_ws/src/unitree-go2-ros2/install/champ_msgs/lib/libchamp_msgs__rosidl_typesupport_introspection_cpp.so
[9.938s] -- Set runtime path of "/home/pierre/go2_ws/src/unitree-go2-ros2/install/champ_msgs/lib/libchamp_msgs__rosidl_typesupport_introspection_cpp.so" to ""
[9.938s] -- Installing: /home/pierre/go2_ws/src/unitree-go2-ros2/install/champ_msgs/lib/libchamp_msgs__rosidl_typesupport_cpp.so
[9.939s] -- Set runtime path of "/home/pierre/go2_ws/src/unitree-go2-ros2/install/champ_msgs/lib/libchamp_msgs__rosidl_typesupport_cpp.so" to ""
[9.939s] -- Installing: /home/pierre/go2_ws/src/unitree-go2-ros2/install/champ_msgs/share/champ_msgs/environment/pythonpath.sh
[9.939s] -- Installing: /home/pierre/go2_ws/src/unitree-go2-ros2/install/champ_msgs/share/champ_msgs/environment/pythonpath.dsv
[9.939s] -- Installing: /home/pierre/go2_ws/src/unitree-go2-ros2/install/champ_msgs/local/lib/python3.10/dist-packages/champ_msgs-0.1.0-py3.10.egg-info
[9.939s] -- Installing: /home/pierre/go2_ws/src/unitree-go2-ros2/install/champ_msgs/local/lib/python3.10/dist-packages/champ_msgs-0.1.0-py3.10.egg-info/dependency_links.txt
[9.939s] -- Installing: /home/pierre/go2_ws/src/unitree-go2-ros2/install/champ_msgs/local/lib/python3.10/dist-packages/champ_msgs-0.1.0-py3.10.egg-info/PKG-INFO
[9.939s] -- Installing: /home/pierre/go2_ws/src/unitree-go2-ros2/install/champ_msgs/local/lib/python3.10/dist-packages/champ_msgs-0.1.0-py3.10.egg-info/top_level.txt
[9.939s] -- Installing: /home/pierre/go2_ws/src/unitree-go2-ros2/install/champ_msgs/local/lib/python3.10/dist-packages/champ_msgs-0.1.0-py3.10.egg-info/SOURCES.txt
[9.939s] -- Installing: /home/pierre/go2_ws/src/unitree-go2-ros2/install/champ_msgs/local/lib/python3.10/dist-packages/champ_msgs
[9.939s] -- Installing: /home/pierre/go2_ws/src/unitree-go2-ros2/install/champ_msgs/local/lib/python3.10/dist-packages/champ_msgs/champ_msgs_s__rosidl_typesupport_fastrtps_c.cpython-310-x86_64-linux-gnu.so
[9.939s] -- Installing: /home/pierre/go2_ws/src/unitree-go2-ros2/install/champ_msgs/local/lib/python3.10/dist-packages/champ_msgs/msg
[9.940s] -- Installing: /home/pierre/go2_ws/src/unitree-go2-ros2/install/champ_msgs/local/lib/python3.10/dist-packages/champ_msgs/msg/_pid_s.c
[9.940s] -- Installing: /home/pierre/go2_ws/src/unitree-go2-ros2/install/champ_msgs/local/lib/python3.10/dist-packages/champ_msgs/msg/_pid.py
[9.940s] -- Installing: /home/pierre/go2_ws/src/unitree-go2-ros2/install/champ_msgs/local/lib/python3.10/dist-packages/champ_msgs/msg/_point.py
[9.940s] -- Installing: /home/pierre/go2_ws/src/unitree-go2-ros2/install/champ_msgs/local/lib/python3.10/dist-packages/champ_msgs/msg/_contacts_s.c
[9.940s] -- Installing: /home/pierre/go2_ws/src/unitree-go2-ros2/install/champ_msgs/local/lib/python3.10/dist-packages/champ_msgs/msg/_pose_s.c
[9.940s] -- Installing: /home/pierre/go2_ws/src/unitree-go2-ros2/install/champ_msgs/local/lib/python3.10/dist-packages/champ_msgs/msg/_contacts_stamped_s.c
[9.940s] -- Installing: /home/pierre/go2_ws/src/unitree-go2-ros2/install/champ_msgs/local/lib/python3.10/dist-packages/champ_msgs/msg/_imu.py
[9.940s] -- Installing: /home/pierre/go2_ws/src/unitree-go2-ros2/install/champ_msgs/local/lib/python3.10/dist-packages/champ_msgs/msg/_pose.py
[9.940s] -- Installing: /home/pierre/go2_ws/src/unitree-go2-ros2/install/champ_msgs/local/lib/python3.10/dist-packages/champ_msgs/msg/_contacts_stamped.py
[9.940s] -- Installing: /home/pierre/go2_ws/src/unitree-go2-ros2/install/champ_msgs/local/lib/python3.10/dist-packages/champ_msgs/msg/_velocities_s.c
[9.940s] -- Installing: /home/pierre/go2_ws/src/unitree-go2-ros2/install/champ_msgs/local/lib/python3.10/dist-packages/champ_msgs/msg/_velocities.py
[9.941s] -- Installing: /home/pierre/go2_ws/src/unitree-go2-ros2/install/champ_msgs/local/lib/python3.10/dist-packages/champ_msgs/msg/_contacts.py
[9.941s] -- Installing: /home/pierre/go2_ws/src/unitree-go2-ros2/install/champ_msgs/local/lib/python3.10/dist-packages/champ_msgs/msg/_point_array.py
[9.941s] -- Installing: /home/pierre/go2_ws/src/unitree-go2-ros2/install/champ_msgs/local/lib/python3.10/dist-packages/champ_msgs/msg/__init__.py
[9.941s] -- Installing: /home/pierre/go2_ws/src/unitree-go2-ros2/install/champ_msgs/local/lib/python3.10/dist-packages/champ_msgs/msg/_joints_s.c
[9.941s] -- Installing: /home/pierre/go2_ws/src/unitree-go2-ros2/install/champ_msgs/local/lib/python3.10/dist-packages/champ_msgs/msg/_joints.py
[9.941s] -- Installing: /home/pierre/go2_ws/src/unitree-go2-ros2/install/champ_msgs/local/lib/python3.10/dist-packages/champ_msgs/msg/_point_array_s.c
[9.941s] -- Installing: /home/pierre/go2_ws/src/unitree-go2-ros2/install/champ_msgs/local/lib/python3.10/dist-packages/champ_msgs/msg/_imu_s.c
[9.941s] -- Installing: /home/pierre/go2_ws/src/unitree-go2-ros2/install/champ_msgs/local/lib/python3.10/dist-packages/champ_msgs/msg/_point_s.c
[9.941s] -- Installing: /home/pierre/go2_ws/src/unitree-go2-ros2/install/champ_msgs/local/lib/python3.10/dist-packages/champ_msgs/libchamp_msgs__rosidl_generator_py.so
[9.941s] -- Installing: /home/pierre/go2_ws/src/unitree-go2-ros2/install/champ_msgs/local/lib/python3.10/dist-packages/champ_msgs/_champ_msgs_s.ep.rosidl_typesupport_c.c
[9.941s] -- Installing: /home/pierre/go2_ws/src/unitree-go2-ros2/install/champ_msgs/local/lib/python3.10/dist-packages/champ_msgs/__init__.py
[9.941s] -- Installing: /home/pierre/go2_ws/src/unitree-go2-ros2/install/champ_msgs/local/lib/python3.10/dist-packages/champ_msgs/champ_msgs_s__rosidl_typesupport_introspection_c.cpython-310-x86_64-linux-gnu.so
[9.942s] -- Installing: /home/pierre/go2_ws/src/unitree-go2-ros2/install/champ_msgs/local/lib/python3.10/dist-packages/champ_msgs/champ_msgs_s__rosidl_typesupport_c.cpython-310-x86_64-linux-gnu.so
[9.942s] -- Installing: /home/pierre/go2_ws/src/unitree-go2-ros2/install/champ_msgs/local/lib/python3.10/dist-packages/champ_msgs/_champ_msgs_s.ep.rosidl_typesupport_fastrtps_c.c
[9.942s] -- Installing: /home/pierre/go2_ws/src/unitree-go2-ros2/install/champ_msgs/local/lib/python3.10/dist-packages/champ_msgs/_champ_msgs_s.ep.rosidl_typesupport_introspection_c.c
[9.982s] Listing '/home/pierre/go2_ws/src/unitree-go2-ros2/install/champ_msgs/local/lib/python3.10/dist-packages/champ_msgs'...
[9.982s] Compiling '/home/pierre/go2_ws/src/unitree-go2-ros2/install/champ_msgs/local/lib/python3.10/dist-packages/champ_msgs/__init__.py'...
[9.983s] Listing '/home/pierre/go2_ws/src/unitree-go2-ros2/install/champ_msgs/local/lib/python3.10/dist-packages/champ_msgs/msg'...
[9.983s] Compiling '/home/pierre/go2_ws/src/unitree-go2-ros2/install/champ_msgs/local/lib/python3.10/dist-packages/champ_msgs/msg/__init__.py'...
[9.983s] Compiling '/home/pierre/go2_ws/src/unitree-go2-ros2/install/champ_msgs/local/lib/python3.10/dist-packages/champ_msgs/msg/_contacts.py'...
[9.983s] Compiling '/home/pierre/go2_ws/src/unitree-go2-ros2/install/champ_msgs/local/lib/python3.10/dist-packages/champ_msgs/msg/_contacts_stamped.py'...
[9.983s] Compiling '/home/pierre/go2_ws/src/unitree-go2-ros2/install/champ_msgs/local/lib/python3.10/dist-packages/champ_msgs/msg/_imu.py'...
[9.983s] Compiling '/home/pierre/go2_ws/src/unitree-go2-ros2/install/champ_msgs/local/lib/python3.10/dist-packages/champ_msgs/msg/_joints.py'...
[9.983s] Compiling '/home/pierre/go2_ws/src/unitree-go2-ros2/install/champ_msgs/local/lib/python3.10/dist-packages/champ_msgs/msg/_pid.py'...
[9.983s] Compiling '/home/pierre/go2_ws/src/unitree-go2-ros2/install/champ_msgs/local/lib/python3.10/dist-packages/champ_msgs/msg/_point.py'...
[9.983s] Compiling '/home/pierre/go2_ws/src/unitree-go2-ros2/install/champ_msgs/local/lib/python3.10/dist-packages/champ_msgs/msg/_point_array.py'...
[9.983s] Compiling '/home/pierre/go2_ws/src/unitree-go2-ros2/install/champ_msgs/local/lib/python3.10/dist-packages/champ_msgs/msg/_pose.py'...
[9.983s] Compiling '/home/pierre/go2_ws/src/unitree-go2-ros2/install/champ_msgs/local/lib/python3.10/dist-packages/champ_msgs/msg/_velocities.py'...
[9.987s] -- Installing: /home/pierre/go2_ws/src/unitree-go2-ros2/install/champ_msgs/local/lib/python3.10/dist-packages/champ_msgs/champ_msgs_s__rosidl_typesupport_fastrtps_c.cpython-310-x86_64-linux-gnu.so
[9.987s] -- Set runtime path of "/home/pierre/go2_ws/src/unitree-go2-ros2/install/champ_msgs/local/lib/python3.10/dist-packages/champ_msgs/champ_msgs_s__rosidl_typesupport_fastrtps_c.cpython-310-x86_64-linux-gnu.so" to ""
[9.987s] -- Installing: /home/pierre/go2_ws/src/unitree-go2-ros2/install/champ_msgs/local/lib/python3.10/dist-packages/champ_msgs/champ_msgs_s__rosidl_typesupport_introspection_c.cpython-310-x86_64-linux-gnu.so
[9.987s] -- Set runtime path of "/home/pierre/go2_ws/src/unitree-go2-ros2/install/champ_msgs/local/lib/python3.10/dist-packages/champ_msgs/champ_msgs_s__rosidl_typesupport_introspection_c.cpython-310-x86_64-linux-gnu.so" to ""
[9.988s] -- Installing: /home/pierre/go2_ws/src/unitree-go2-ros2/install/champ_msgs/local/lib/python3.10/dist-packages/champ_msgs/champ_msgs_s__rosidl_typesupport_c.cpython-310-x86_64-linux-gnu.so
[9.988s] -- Set runtime path of "/home/pierre/go2_ws/src/unitree-go2-ros2/install/champ_msgs/local/lib/python3.10/dist-packages/champ_msgs/champ_msgs_s__rosidl_typesupport_c.cpython-310-x86_64-linux-gnu.so" to ""
[9.988s] -- Installing: /home/pierre/go2_ws/src/unitree-go2-ros2/install/champ_msgs/lib/libchamp_msgs__rosidl_generator_py.so
[9.988s] -- Set runtime path of "/home/pierre/go2_ws/src/unitree-go2-ros2/install/champ_msgs/lib/libchamp_msgs__rosidl_generator_py.so" to ""
[9.988s] -- Installing: /home/pierre/go2_ws/src/unitree-go2-ros2/install/champ_msgs/share/champ_msgs/msg/Velocities.idl
[9.988s] -- Installing: /home/pierre/go2_ws/src/unitree-go2-ros2/install/champ_msgs/share/champ_msgs/msg/PID.idl
[9.988s] -- Installing: /home/pierre/go2_ws/src/unitree-go2-ros2/install/champ_msgs/share/champ_msgs/msg/Imu.idl
[9.988s] -- Installing: /home/pierre/go2_ws/src/unitree-go2-ros2/install/champ_msgs/share/champ_msgs/msg/Point.idl
[9.988s] -- Installing: /home/pierre/go2_ws/src/unitree-go2-ros2/install/champ_msgs/share/champ_msgs/msg/PointArray.idl
[9.989s] -- Installing: /home/pierre/go2_ws/src/unitree-go2-ros2/install/champ_msgs/share/champ_msgs/msg/Joints.idl
[9.989s] -- Installing: /home/pierre/go2_ws/src/unitree-go2-ros2/install/champ_msgs/share/champ_msgs/msg/Contacts.idl
[9.989s] -- Installing: /home/pierre/go2_ws/src/unitree-go2-ros2/install/champ_msgs/share/champ_msgs/msg/ContactsStamped.idl
[9.989s] -- Installing: /home/pierre/go2_ws/src/unitree-go2-ros2/install/champ_msgs/share/champ_msgs/msg/Pose.idl
[9.989s] -- Installing: /home/pierre/go2_ws/src/unitree-go2-ros2/install/champ_msgs/share/champ_msgs/msg/Velocities.msg
[9.989s] -- Installing: /home/pierre/go2_ws/src/unitree-go2-ros2/install/champ_msgs/share/champ_msgs/msg/PID.msg
[9.989s] -- Installing: /home/pierre/go2_ws/src/unitree-go2-ros2/install/champ_msgs/share/champ_msgs/msg/Imu.msg
[9.989s] -- Installing: /home/pierre/go2_ws/src/unitree-go2-ros2/install/champ_msgs/share/champ_msgs/msg/Point.msg
[9.990s] -- Installing: /home/pierre/go2_ws/src/unitree-go2-ros2/install/champ_msgs/share/champ_msgs/msg/PointArray.msg
[9.990s] -- Installing: /home/pierre/go2_ws/src/unitree-go2-ros2/install/champ_msgs/share/champ_msgs/msg/Joints.msg
[9.990s] -- Installing: /home/pierre/go2_ws/src/unitree-go2-ros2/install/champ_msgs/share/champ_msgs/msg/Contacts.msg
[9.990s] -- Installing: /home/pierre/go2_ws/src/unitree-go2-ros2/install/champ_msgs/share/champ_msgs/msg/ContactsStamped.msg
[9.990s] -- Installing: /home/pierre/go2_ws/src/unitree-go2-ros2/install/champ_msgs/share/champ_msgs/msg/Pose.msg
[9.990s] -- Installing: /home/pierre/go2_ws/src/unitree-go2-ros2/install/champ_msgs/share/ament_index/resource_index/package_run_dependencies/champ_msgs
[9.990s] -- Installing: /home/pierre/go2_ws/src/unitree-go2-ros2/install/champ_msgs/share/ament_index/resource_index/parent_prefix_path/champ_msgs
[9.990s] -- Installing: /home/pierre/go2_ws/src/unitree-go2-ros2/install/champ_msgs/share/champ_msgs/environment/ament_prefix_path.sh
[9.990s] -- Installing: /home/pierre/go2_ws/src/unitree-go2-ros2/install/champ_msgs/share/champ_msgs/environment/ament_prefix_path.dsv
[9.990s] -- Installing: /home/pierre/go2_ws/src/unitree-go2-ros2/install/champ_msgs/share/champ_msgs/environment/path.sh
[9.991s] -- Installing: /home/pierre/go2_ws/src/unitree-go2-ros2/install/champ_msgs/share/champ_msgs/environment/path.dsv
[9.991s] -- Installing: /home/pierre/go2_ws/src/unitree-go2-ros2/install/champ_msgs/share/champ_msgs/local_setup.bash
[9.991s] -- Installing: /home/pierre/go2_ws/src/unitree-go2-ros2/install/champ_msgs/share/champ_msgs/local_setup.sh
[9.991s] -- Installing: /home/pierre/go2_ws/src/unitree-go2-ros2/install/champ_msgs/share/champ_msgs/local_setup.zsh
[9.991s] -- Installing: /home/pierre/go2_ws/src/unitree-go2-ros2/install/champ_msgs/share/champ_msgs/local_setup.dsv
[9.991s] -- Installing: /home/pierre/go2_ws/src/unitree-go2-ros2/install/champ_msgs/share/champ_msgs/package.dsv
[9.991s] -- Installing: /home/pierre/go2_ws/src/unitree-go2-ros2/install/champ_msgs/share/ament_index/resource_index/packages/champ_msgs
[9.991s] -- Installing: /home/pierre/go2_ws/src/unitree-go2-ros2/install/champ_msgs/share/champ_msgs/cmake/export_champ_msgs__rosidl_generator_cExport.cmake
[9.991s] -- Installing: /home/pierre/go2_ws/src/unitree-go2-ros2/install/champ_msgs/share/champ_msgs/cmake/export_champ_msgs__rosidl_generator_cExport-noconfig.cmake
[9.991s] -- Installing: /home/pierre/go2_ws/src/unitree-go2-ros2/install/champ_msgs/share/champ_msgs/cmake/export_champ_msgs__rosidl_typesupport_fastrtps_cExport.cmake
[9.992s] -- Installing: /home/pierre/go2_ws/src/unitree-go2-ros2/install/champ_msgs/share/champ_msgs/cmake/export_champ_msgs__rosidl_typesupport_fastrtps_cExport-noconfig.cmake
[9.992s] -- Installing: /home/pierre/go2_ws/src/unitree-go2-ros2/install/champ_msgs/share/champ_msgs/cmake/champ_msgs__rosidl_typesupport_introspection_cExport.cmake
[9.992s] -- Installing: /home/pierre/go2_ws/src/unitree-go2-ros2/install/champ_msgs/share/champ_msgs/cmake/champ_msgs__rosidl_typesupport_introspection_cExport-noconfig.cmake
[9.992s] -- Installing: /home/pierre/go2_ws/src/unitree-go2-ros2/install/champ_msgs/share/champ_msgs/cmake/champ_msgs__rosidl_typesupport_cExport.cmake
[9.992s] -- Installing: /home/pierre/go2_ws/src/unitree-go2-ros2/install/champ_msgs/share/champ_msgs/cmake/champ_msgs__rosidl_typesupport_cExport-noconfig.cmake
[9.992s] -- Installing: /home/pierre/go2_ws/src/unitree-go2-ros2/install/champ_msgs/share/champ_msgs/cmake/export_champ_msgs__rosidl_generator_cppExport.cmake
[9.992s] -- Installing: /home/pierre/go2_ws/src/unitree-go2-ros2/install/champ_msgs/share/champ_msgs/cmake/export_champ_msgs__rosidl_typesupport_fastrtps_cppExport.cmake
[9.992s] -- Installing: /home/pierre/go2_ws/src/unitree-go2-ros2/install/champ_msgs/share/champ_msgs/cmake/export_champ_msgs__rosidl_typesupport_fastrtps_cppExport-noconfig.cmake
[9.992s] -- Installing: /home/pierre/go2_ws/src/unitree-go2-ros2/install/champ_msgs/share/champ_msgs/cmake/champ_msgs__rosidl_typesupport_introspection_cppExport.cmake
[9.993s] -- Installing: /home/pierre/go2_ws/src/unitree-go2-ros2/install/champ_msgs/share/champ_msgs/cmake/champ_msgs__rosidl_typesupport_introspection_cppExport-noconfig.cmake
[9.993s] -- Installing: /home/pierre/go2_ws/src/unitree-go2-ros2/install/champ_msgs/share/champ_msgs/cmake/champ_msgs__rosidl_typesupport_cppExport.cmake
[9.993s] -- Installing: /home/pierre/go2_ws/src/unitree-go2-ros2/install/champ_msgs/share/champ_msgs/cmake/champ_msgs__rosidl_typesupport_cppExport-noconfig.cmake
[9.993s] -- Installing: /home/pierre/go2_ws/src/unitree-go2-ros2/install/champ_msgs/share/champ_msgs/cmake/export_champ_msgs__rosidl_generator_pyExport.cmake
[9.993s] -- Installing: /home/pierre/go2_ws/src/unitree-go2-ros2/install/champ_msgs/share/champ_msgs/cmake/export_champ_msgs__rosidl_generator_pyExport-noconfig.cmake
[9.993s] -- Installing: /home/pierre/go2_ws/src/unitree-go2-ros2/install/champ_msgs/share/champ_msgs/cmake/rosidl_cmake-extras.cmake
[9.993s] -- Installing: /home/pierre/go2_ws/src/unitree-go2-ros2/install/champ_msgs/share/champ_msgs/cmake/ament_cmake_export_dependencies-extras.cmake
[9.993s] -- Installing: /home/pierre/go2_ws/src/unitree-go2-ros2/install/champ_msgs/share/champ_msgs/cmake/ament_cmake_export_include_directories-extras.cmake
[9.993s] -- Installing: /home/pierre/go2_ws/src/unitree-go2-ros2/install/champ_msgs/share/champ_msgs/cmake/ament_cmake_export_libraries-extras.cmake
[9.994s] -- Installing: /home/pierre/go2_ws/src/unitree-go2-ros2/install/champ_msgs/share/champ_msgs/cmake/ament_cmake_export_targets-extras.cmake
[9.994s] -- Installing: /home/pierre/go2_ws/src/unitree-go2-ros2/install/champ_msgs/share/champ_msgs/cmake/rosidl_cmake_export_typesupport_targets-extras.cmake
[9.994s] -- Installing: /home/pierre/go2_ws/src/unitree-go2-ros2/install/champ_msgs/share/champ_msgs/cmake/rosidl_cmake_export_typesupport_libraries-extras.cmake
[9.994s] -- Installing: /home/pierre/go2_ws/src/unitree-go2-ros2/install/champ_msgs/share/champ_msgs/cmake/champ_msgsConfig.cmake
[9.994s] -- Installing: /home/pierre/go2_ws/src/unitree-go2-ros2/install/champ_msgs/share/champ_msgs/cmake/champ_msgsConfig-version.cmake
[9.994s] -- Installing: /home/pierre/go2_ws/src/unitree-go2-ros2/install/champ_msgs/share/champ_msgs/package.xml
[9.998s] Invoked command in '/home/pierre/go2_ws/src/unitree-go2-ros2/build/champ_msgs' returned '0': CMAKE_PREFIX_PATH=/opt/ros/humble /usr/bin/cmake --install /home/pierre/go2_ws/src/unitree-go2-ros2/build/champ_msgs
